
> tour-saas-frontend@1.0.0 build
> next build

   Γû▓ Next.js 14.1.0
   - Environments: .env.local

   Creating an optimized production build ...
node.exe : 
At line:1 char:1
+ & "C:\Program 
Files\nodejs/node.exe" 
"C:\Program 
Files\nodejs/node_mo ...
+ ~~~~~~~~~~~~~~~~~~~~~~~~
~~~~~~~~~~~~~~~~~~~~~~~~~~
~~~~~~~~~~~~~~~~~~~
    + CategoryInfo        
      : NotSpecified: (:  
  String) [], RemoteExc   
 eption
    + FullyQualifiedError 
   Id : NativeCommandErr  
  or
 
[1m[33mwarn[39m[22m - 
The class `duration-[3s]` 
is ambiguous and matches 
multiple utilities.
[1m[33mwarn[39m[22m - 
If this is content and 
not a class, replace it 
with 
`duration-&lsqb;3s&rsqb;` 
to silence this warning.

[1m[33mwarn[39m[22m - 
The class `duration-[4s]` 
is ambiguous and matches 
multiple utilities.
[1m[33mwarn[39m[22m - 
If this is content and 
not a class, replace it 
with 
`duration-&lsqb;4s&rsqb;` 
to silence this warning.
 Γ£ô Compiled successfully
   Linting and checking validity of types ...
Failed to compile.

./src/app/admin/packages/n
ew/page.tsx:118:13
Type error: Cannot find 
name 'toast'.

[0m [90m 116 |[39m[0m
[0m [90m 117 |[39m     
        setActiveTab([32m
'itinerary'[39m)[0m
[0m[31m[1m>[22m[39m[
90m 118 |[39m            
 toast[33m.[39msuccess(
[32m'Package saved 
successfully!'[39m)[0m
[0m [90m     |[39m     
        
[31m[1m^[22m[39m[0m
[0m [90m 119 |[39m     
    } [36mcatch[39m 
(error) {[0m
[0m [90m 120 |[39m     
        console[33m.[39m
error([32m'Failed to 
save 
package:'[39m[33m,[39m 
error)[0m
[0m [90m 121 |[39m     
        
alert([32m`Failed to 
save package: 
${error}`[39m)[0m
