
> tour-saas-frontend@1.0.0 build
> next build

   Γû▓ Next.js 14.1.0
   - Environments: .env.local

   Creating an optimized production build ...
node.exe : 
At line:1 char:1
+ & "C:\Program 
Files\nodejs/node.exe" 
"C:\Program 
Files\nodejs/node_mo ...
+ ~~~~~~~~~~~~~~~~~~~~~~
~~~~~~~~~~~~~~~~~~~~~~~~
~~~~~~~~~~~~~~~~~~~~~~~
    + CategoryInfo      
        : NotSpecified  
  : (:String) [], Rem   
 oteException
    + FullyQualifiedErr 
   orId : NativeComman  
  dError
 
[1m[33mwarn[39m[22m 
- The class 
`duration-[4s]` is 
ambiguous and matches 
multiple utilities.
[1m[33mwarn[39m[22m 
- If this is content 
and not a class, 
replace it with `duratio
n-&lsqb;4s&rsqb;` to 
silence this warning.

[1m[33mwarn[39m[22m 
- The class 
`duration-[800ms]` is 
ambiguous and matches 
multiple utilities.
[1m[33mwarn[39m[22m 
- If this is content 
and not a class, 
replace it with `duratio
n-&lsqb;800ms&rsqb;` to 
silence this warning.
 Γ£ô Compiled successfully
   Skipping linting
   Checking validity of types ...
   Collecting page data ...
   Generating static pages (0/35) ...
Failed to fetch initial 
theme: i [Error]: 
Dynamic server usage: 
Page couldn't be 
rendered statically 
because it used 
`headers`. See more 
info here: https://nextj
s.org/docs/messages/dyna
mic-server-error
    at c (D:\Hariharan\G
-Project\RNT_Tour\fronte
nd\.next\server\chunks\1
527.js:101:110790)
    at u (D:\Hariharan\G
-Project\RNT_Tour\fronte
nd\.next\server\chunks\1
527.js:101:105272)
    at L (D:\Hariharan\G
-Project\RNT_Tour\fronte
nd\.next\server\chunks\9
99.js:115:17864)
    at z (D:\Hariharan\G
-Project\RNT_Tour\fronte
nd\.next\server\chunks\9
99.js:115:18175)
    at em (D:\Hariharan\
G-Project\RNT_Tour\front
end\node_modules\next\di
st\compiled\next-server\
app-page.runtime.prod.js
:12:131226)
    at D:\Hariharan\G-Pr
oject\RNT_Tour\frontend\
node_modules\next\dist\c
ompiled\next-server\app-
page.runtime.prod.js:12:
142926
    at Array.toJSON (D:\
Hariharan\G-Project\RNT_
Tour\frontend\node_modul
es\next\dist\compiled\ne
xt-server\app-page.runti
me.prod.js:12:146504)
    at stringify 
(<anonymous>)
    at eR (D:\Hariharan\
G-Project\RNT_Tour\front
end\node_modules\next\di
st\compiled\next-server\
app-page.runtime.prod.js
:12:134889)
    at eP (D:\Hariharan\
G-Project\RNT_Tour\front
end\node_modules\next\di
st\compiled\next-server\
app-page.runtime.prod.js
:12:135332) {
  description: "Page 
couldn't be rendered 
statically because it 
used `headers`. See 
more info here: https://
nextjs.org/docs/messages
/dynamic-server-error",
  digest: 
'DYNAMIC_SERVER_USAGE'
}
Failed to fetch initial 
theme: i [Error]: 
Dynamic server usage: 
Page couldn't be 
rendered statically 
because it used 
`headers`. See more 
info here: https://nextj
s.org/docs/messages/dyna
mic-server-error
    at c (D:\Hariharan\G
-Project\RNT_Tour\fronte
nd\.next\server\chunks\1
527.js:101:110790)
    at u (D:\Hariharan\G
-Project\RNT_Tour\fronte
nd\.next\server\chunks\1
527.js:101:105272)
    at L (D:\Hariharan\G
-Project\RNT_Tour\fronte
nd\.next\server\chunks\9
99.js:115:17864)
    at z (D:\Hariharan\G
-Project\RNT_Tour\fronte
nd\.next\server\chunks\9
99.js:115:18175)
    at em (D:\Hariharan\
G-Project\RNT_Tour\front
end\node_modules\next\di
st\compiled\next-server\
app-page.runtime.prod.js
:12:131226)
    at D:\Hariharan\G-Pr
oject\RNT_Tour\frontend\
node_modules\next\dist\c
ompiled\next-server\app-
page.runtime.prod.js:12:
142926
    at Array.toJSON (D:\
Hariharan\G-Project\RNT_
Tour\frontend\node_modul
es\next\dist\compiled\ne
xt-server\app-page.runti
me.prod.js:12:146504)
    at stringify 
(<anonymous>)
    at eR (D:\Hariharan\
G-Project\RNT_Tour\front
end\node_modules\next\di
st\compiled\next-server\
app-page.runtime.prod.js
:12:134889)
    at eP (D:\Hariharan\
G-Project\RNT_Tour\front
end\node_modules\next\di
st\compiled\next-server\
app-page.runtime.prod.js
:12:135332) {
  description: "Page 
couldn't be rendered 
statically because it 
used `headers`. See 
more info here: https://
nextjs.org/docs/messages
/dynamic-server-error",
  digest: 
'DYNAMIC_SERVER_USAGE'
}
 Γ¿» useSearchParams() 
should be wrapped in a 
suspense boundary at 
page "/agent/packages". 
Read more: https://nextj
s.org/docs/messages/miss
ing-suspense-with-csr-ba
ilout

Error occurred 
prerendering page 
"/agent/packages". Read 
more: https://nextjs.org
/docs/messages/prerender
-error

Failed to fetch initial 
theme: i [Error]: 
Dynamic server usage: 
Page couldn't be 
rendered statically 
because it used 
`headers`. See more 
info here: https://nextj
s.org/docs/messages/dyna
mic-server-error
    at c (D:\Hariharan\G
-Project\RNT_Tour\fronte
nd\.next\server\chunks\1
527.js:101:110790)
    at u (D:\Hariharan\G
-Project\RNT_Tour\fronte
nd\.next\server\chunks\1
527.js:101:105272)
    at L (D:\Hariharan\G
-Project\RNT_Tour\fronte
nd\.next\server\chunks\9
99.js:115:17864)
    at z (D:\Hariharan\G
-Project\RNT_Tour\fronte
nd\.next\server\chunks\9
99.js:115:18175)
    at em (D:\Hariharan\
G-Project\RNT_Tour\front
end\node_modules\next\di
st\compiled\next-server\
app-page.runtime.prod.js
:12:131226)
    at D:\Hariharan\G-Pr
oject\RNT_Tour\frontend\
node_modules\next\dist\c
ompiled\next-server\app-
page.runtime.prod.js:12:
142926
    at Array.toJSON (D:\
Hariharan\G-Project\RNT_
Tour\frontend\node_modul
es\next\dist\compiled\ne
xt-server\app-page.runti
me.prod.js:12:146504)
    at stringify 
(<anonymous>)
    at eR (D:\Hariharan\
G-Project\RNT_Tour\front
end\node_modules\next\di
st\compiled\next-server\
app-page.runtime.prod.js
:12:134889)
    at eP (D:\Hariharan\
G-Project\RNT_Tour\front
end\node_modules\next\di
st\compiled\next-server\
app-page.runtime.prod.js
:12:135332) {
  description: "Page 
couldn't be rendered 
statically because it 
used `headers`. See 
more info here: https://
nextjs.org/docs/messages
/dynamic-server-error",
  digest: 
'DYNAMIC_SERVER_USAGE'
}
Failed to fetch initial 
theme: i [Error]: 
Dynamic server usage: 
Page couldn't be 
rendered statically 
because it used 
`headers`. See more 
info here: https://nextj
s.org/docs/messages/dyna
mic-server-error
    at c (D:\Hariharan\G
-Project\RNT_Tour\fronte
nd\.next\server\chunks\1
527.js:101:110790)
    at u (D:\Hariharan\G
-Project\RNT_Tour\fronte
nd\.next\server\chunks\1
527.js:101:105272)
    at L (D:\Hariharan\G
-Project\RNT_Tour\fronte
nd\.next\server\chunks\9
99.js:115:17864)
    at z (D:\Hariharan\G
-Project\RNT_Tour\fronte
nd\.next\server\chunks\9
99.js:115:18175)
    at em (D:\Hariharan\
G-Project\RNT_Tour\front
end\node_modules\next\di
st\compiled\next-server\
app-page.runtime.prod.js
:12:131226)
    at D:\Hariharan\G-Pr
oject\RNT_Tour\frontend\
node_modules\next\dist\c
ompiled\next-server\app-
page.runtime.prod.js:12:
142926
    at Array.toJSON (D:\
Hariharan\G-Project\RNT_
Tour\frontend\node_modul
es\next\dist\compiled\ne
xt-server\app-page.runti
me.prod.js:12:146504)
    at stringify 
(<anonymous>)
    at eR (D:\Hariharan\
G-Project\RNT_Tour\front
end\node_modules\next\di
st\compiled\next-server\
app-page.runtime.prod.js
:12:134889)
    at eP (D:\Hariharan\
G-Project\RNT_Tour\front
end\node_modules\next\di
st\compiled\next-server\
app-page.runtime.prod.js
:12:135332) {
  description: "Page 
couldn't be rendered 
statically because it 
used `headers`. See 
more info here: https://
nextjs.org/docs/messages
/dynamic-server-error",
  digest: 
'DYNAMIC_SERVER_USAGE'
}
 Γ¿» useSearchParams() 
should be wrapped in a 
suspense boundary at 
page "/404". Read more: 
https://nextjs.org/docs/
messages/missing-suspens
e-with-csr-bailout

Error occurred 
prerendering page 
"/_not-found". Read 
more: https://nextjs.org
/docs/messages/prerender
-error

Failed to fetch initial 
theme: i [Error]: 
Dynamic server usage: 
Page couldn't be 
rendered statically 
because it used 
`headers`. See more 
info here: https://nextj
s.org/docs/messages/dyna
mic-server-error
    at c (D:\Hariharan\G
-Project\RNT_Tour\fronte
nd\.next\server\chunks\1
527.js:101:110790)
    at u (D:\Hariharan\G
-Project\RNT_Tour\fronte
nd\.next\server\chunks\1
527.js:101:105272)
    at L (D:\Hariharan\G
-Project\RNT_Tour\fronte
nd\.next\server\chunks\9
99.js:115:17864)
    at z (D:\Hariharan\G
-Project\RNT_Tour\fronte
nd\.next\server\chunks\9
99.js:115:18175)
    at em (D:\Hariharan\
G-Project\RNT_Tour\front
end\node_modules\next\di
st\compiled\next-server\
app-page.runtime.prod.js
:12:131226)
    at D:\Hariharan\G-Pr
oject\RNT_Tour\frontend\
node_modules\next\dist\c
ompiled\next-server\app-
page.runtime.prod.js:12:
142926
    at Array.toJSON (D:\
Hariharan\G-Project\RNT_
Tour\frontend\node_modul
es\next\dist\compiled\ne
xt-server\app-page.runti
me.prod.js:12:146504)
    at stringify 
(<anonymous>)
    at eR (D:\Hariharan\
G-Project\RNT_Tour\front
end\node_modules\next\di
st\compiled\next-server\
app-page.runtime.prod.js
:12:134889)
    at eP (D:\Hariharan\
G-Project\RNT_Tour\front
end\node_modules\next\di
st\compiled\next-server\
app-page.runtime.prod.js
:12:135332) {
  description: "Page 
couldn't be rendered 
statically because it 
used `headers`. See 
more info here: https://
nextjs.org/docs/messages
/dynamic-server-error",
  digest: 
'DYNAMIC_SERVER_USAGE'
}
Failed to fetch initial 
theme: i [Error]: 
Dynamic server usage: 
Page couldn't be 
rendered statically 
because it used 
`headers`. See more 
info here: https://nextj
s.org/docs/messages/dyna
mic-server-error
    at c (D:\Hariharan\G
-Project\RNT_Tour\fronte
nd\.next\server\chunks\1
527.js:101:110790)
    at u (D:\Hariharan\G
-Project\RNT_Tour\fronte
nd\.next\server\chunks\1
527.js:101:105272)
    at L (D:\Hariharan\G
-Project\RNT_Tour\fronte
nd\.next\server\chunks\9
99.js:115:17864)
    at z (D:\Hariharan\G
-Project\RNT_Tour\fronte
nd\.next\server\chunks\9
99.js:115:18175)
    at em (D:\Hariharan\
G-Project\RNT_Tour\front
end\node_modules\next\di
st\compiled\next-server\
app-page.runtime.prod.js
:12:131226)
    at D:\Hariharan\G-Pr
oject\RNT_Tour\frontend\
node_modules\next\dist\c
ompiled\next-server\app-
page.runtime.prod.js:12:
142926
    at Array.toJSON (D:\
Hariharan\G-Project\RNT_
Tour\frontend\node_modul
es\next\dist\compiled\ne
xt-server\app-page.runti
me.prod.js:12:146504)
    at stringify 
(<anonymous>)
    at eR (D:\Hariharan\
G-Project\RNT_Tour\front
end\node_modules\next\di
st\compiled\next-server\
app-page.runtime.prod.js
:12:134889)
    at eP (D:\Hariharan\
G-Project\RNT_Tour\front
end\node_modules\next\di
st\compiled\next-server\
app-page.runtime.prod.js
:12:135332) {
  description: "Page 
couldn't be rendered 
statically because it 
used `headers`. See 
more info here: https://
nextjs.org/docs/messages
/dynamic-server-error",
  digest: 
'DYNAMIC_SERVER_USAGE'
}
Failed to fetch initial 
theme: i [Error]: 
Dynamic server usage: 
Page couldn't be 
rendered statically 
because it used 
`headers`. See more 
info here: https://nextj
s.org/docs/messages/dyna
mic-server-error
    at c (D:\Hariharan\G
-Project\RNT_Tour\fronte
nd\.next\server\chunks\1
527.js:101:110790)
    at u (D:\Hariharan\G
-Project\RNT_Tour\fronte
nd\.next\server\chunks\1
527.js:101:105272)
    at L (D:\Hariharan\G
-Project\RNT_Tour\fronte
nd\.next\server\chunks\9
99.js:115:17864)
    at z (D:\Hariharan\G
-Project\RNT_Tour\fronte
nd\.next\server\chunks\9
99.js:115:18175)
    at em (D:\Hariharan\
G-Project\RNT_Tour\front
end\node_modules\next\di
st\compiled\next-server\
app-page.runtime.prod.js
:12:131226)
    at D:\Hariharan\G-Pr
oject\RNT_Tour\frontend\
node_modules\next\dist\c
ompiled\next-server\app-
page.runtime.prod.js:12:
142926
    at Array.toJSON (D:\
Hariharan\G-Project\RNT_
Tour\frontend\node_modul
es\next\dist\compiled\ne
xt-server\app-page.runti
me.prod.js:12:146504)
    at stringify 
(<anonymous>)
    at eR (D:\Hariharan\
G-Project\RNT_Tour\front
end\node_modules\next\di
st\compiled\next-server\
app-page.runtime.prod.js
:12:134889)
    at eP (D:\Hariharan\
G-Project\RNT_Tour\front
end\node_modules\next\di
st\compiled\next-server\
app-page.runtime.prod.js
:12:135332) {
  description: "Page 
couldn't be rendered 
statically because it 
used `headers`. See 
more info here: https://
nextjs.org/docs/messages
/dynamic-server-error",
  digest: 
'DYNAMIC_SERVER_USAGE'
}
Failed to fetch initial 
theme: i [Error]: 
Dynamic server usage: 
Page couldn't be 
rendered statically 
because it used 
`headers`. See more 
info here: https://nextj
s.org/docs/messages/dyna
mic-server-error
    at c (D:\Hariharan\G
-Project\RNT_Tour\fronte
nd\.next\server\chunks\1
527.js:101:110790)
    at u (D:\Hariharan\G
-Project\RNT_Tour\fronte
nd\.next\server\chunks\1
527.js:101:105272)
    at L (D:\Hariharan\G
-Project\RNT_Tour\fronte
nd\.next\server\chunks\9
99.js:115:17864)
    at z (D:\Hariharan\G
-Project\RNT_Tour\fronte
nd\.next\server\chunks\9
99.js:115:18175)
    at em (D:\Hariharan\
G-Project\RNT_Tour\front
end\node_modules\next\di
st\compiled\next-server\
app-page.runtime.prod.js
:12:131226)
    at D:\Hariharan\G-Pr
oject\RNT_Tour\frontend\
node_modules\next\dist\c
ompiled\next-server\app-
page.runtime.prod.js:12:
142926
    at Array.toJSON (D:\
Hariharan\G-Project\RNT_
Tour\frontend\node_modul
es\next\dist\compiled\ne
xt-server\app-page.runti
me.prod.js:12:146504)
    at stringify 
(<anonymous>)
    at eR (D:\Hariharan\
G-Project\RNT_Tour\front
end\node_modules\next\di
st\compiled\next-server\
app-page.runtime.prod.js
:12:134889)
    at eP (D:\Hariharan\
G-Project\RNT_Tour\front
end\node_modules\next\di
st\compiled\next-server\
app-page.runtime.prod.js
:12:135332) {
  description: "Page 
couldn't be rendered 
statically because it 
used `headers`. See 
more info here: https://
nextjs.org/docs/messages
/dynamic-server-error",
  digest: 
'DYNAMIC_SERVER_USAGE'
}
 Γ¿» useSearchParams() 
should be wrapped in a 
suspense boundary at 
page "/admin/login". 
Read more: https://nextj
s.org/docs/messages/miss
ing-suspense-with-csr-ba
ilout

Error occurred 
prerendering page 
"/admin/login". Read 
more: https://nextjs.org
/docs/messages/prerender
-error

Failed to fetch initial 
theme: i [Error]: 
Dynamic server usage: 
Page couldn't be 
rendered statically 
because it used 
`headers`. See more 
info here: https://nextj
s.org/docs/messages/dyna
mic-server-error
    at c (D:\Hariharan\G
-Project\RNT_Tour\fronte
nd\.next\server\chunks\1
527.js:101:110790)
    at u (D:\Hariharan\G
-Project\RNT_Tour\fronte
nd\.next\server\chunks\1
527.js:101:105272)
    at L (D:\Hariharan\G
-Project\RNT_Tour\fronte
nd\.next\server\chunks\9
99.js:115:17864)
    at z (D:\Hariharan\G
-Project\RNT_Tour\fronte
nd\.next\server\chunks\9
99.js:115:18175)
    at em (D:\Hariharan\
G-Project\RNT_Tour\front
end\node_modules\next\di
st\compiled\next-server\
app-page.runtime.prod.js
:12:131226)
    at D:\Hariharan\G-Pr
oject\RNT_Tour\frontend\
node_modules\next\dist\c
ompiled\next-server\app-
page.runtime.prod.js:12:
142926
    at Array.toJSON (D:\
Hariharan\G-Project\RNT_
Tour\frontend\node_modul
es\next\dist\compiled\ne
xt-server\app-page.runti
me.prod.js:12:146504)
    at stringify 
(<anonymous>)
    at eR (D:\Hariharan\
G-Project\RNT_Tour\front
end\node_modules\next\di
st\compiled\next-server\
app-page.runtime.prod.js
:12:134889)
    at eP (D:\Hariharan\
G-Project\RNT_Tour\front
end\node_modules\next\di
st\compiled\next-server\
app-page.runtime.prod.js
:12:135332) {
  description: "Page 
couldn't be rendered 
statically because it 
used `headers`. See 
more info here: https://
nextjs.org/docs/messages
/dynamic-server-error",
  digest: 
'DYNAMIC_SERVER_USAGE'
}
Failed to fetch initial 
theme: i [Error]: 
Dynamic server usage: 
Page couldn't be 
rendered statically 
because it used 
`headers`. See more 
info here: https://nextj
s.org/docs/messages/dyna
mic-server-error
    at c (D:\Hariharan\G
-Project\RNT_Tour\fronte
nd\.next\server\chunks\1
527.js:101:110790)
    at u (D:\Hariharan\G
-Project\RNT_Tour\fronte
nd\.next\server\chunks\1
527.js:101:105272)
    at L (D:\Hariharan\G
-Project\RNT_Tour\fronte
nd\.next\server\chunks\9
99.js:115:17864)
    at z (D:\Hariharan\G
-Project\RNT_Tour\fronte
nd\.next\server\chunks\9
99.js:115:18175)
    at em (D:\Hariharan\
G-Project\RNT_Tour\front
end\node_modules\next\di
st\compiled\next-server\
app-page.runtime.prod.js
:12:131226)
    at D:\Hariharan\G-Pr
oject\RNT_Tour\frontend\
node_modules\next\dist\c
ompiled\next-server\app-
page.runtime.prod.js:12:
142926
    at Array.toJSON (D:\
Hariharan\G-Project\RNT_
Tour\frontend\node_modul
es\next\dist\compiled\ne
xt-server\app-page.runti
me.prod.js:12:146504)
    at stringify 
(<anonymous>)
    at eR (D:\Hariharan\
G-Project\RNT_Tour\front
end\node_modules\next\di
st\compiled\next-server\
app-page.runtime.prod.js
:12:134889)
    at eP (D:\Hariharan\
G-Project\RNT_Tour\front
end\node_modules\next\di
st\compiled\next-server\
app-page.runtime.prod.js
:12:135332) {
  description: "Page 
couldn't be rendered 
statically because it 
used `headers`. See 
more info here: https://
nextjs.org/docs/messages
/dynamic-server-error",
  digest: 
'DYNAMIC_SERVER_USAGE'
}
Failed to fetch initial 
theme: i [Error]: 
Dynamic server usage: 
Page couldn't be 
rendered statically 
because it used 
`headers`. See more 
info here: https://nextj
s.org/docs/messages/dyna
mic-server-error
    at c (D:\Hariharan\G
-Project\RNT_Tour\fronte
nd\.next\server\chunks\1
527.js:101:110790)
    at u (D:\Hariharan\G
-Project\RNT_Tour\fronte
nd\.next\server\chunks\1
527.js:101:105272)
    at L (D:\Hariharan\G
-Project\RNT_Tour\fronte
nd\.next\server\chunks\9
99.js:115:17864)
    at z (D:\Hariharan\G
-Project\RNT_Tour\fronte
nd\.next\server\chunks\9
99.js:115:18175)
    at em (D:\Hariharan\
G-Project\RNT_Tour\front
end\node_modules\next\di
st\compiled\next-server\
app-page.runtime.prod.js
:12:131226)
    at D:\Hariharan\G-Pr
oject\RNT_Tour\frontend\
node_modules\next\dist\c
ompiled\next-server\app-
page.runtime.prod.js:12:
142926
    at Array.toJSON (D:\
Hariharan\G-Project\RNT_
Tour\frontend\node_modul
es\next\dist\compiled\ne
xt-server\app-page.runti
me.prod.js:12:146504)
    at stringify 
(<anonymous>)
    at eR (D:\Hariharan\
G-Project\RNT_Tour\front
end\node_modules\next\di
st\compiled\next-server\
app-page.runtime.prod.js
:12:134889)
    at eP (D:\Hariharan\
G-Project\RNT_Tour\front
end\node_modules\next\di
st\compiled\next-server\
app-page.runtime.prod.js
:12:135332) {
  description: "Page 
couldn't be rendered 
statically because it 
used `headers`. See 
more info here: https://
nextjs.org/docs/messages
/dynamic-server-error",
  digest: 
'DYNAMIC_SERVER_USAGE'
}
Failed to fetch initial 
theme: i [Error]: 
Dynamic server usage: 
Page couldn't be 
rendered statically 
because it used 
`headers`. See more 
info here: https://nextj
s.org/docs/messages/dyna
mic-server-error
    at c (D:\Hariharan\G
-Project\RNT_Tour\fronte
nd\.next\server\chunks\1
527.js:101:110790)
    at u (D:\Hariharan\G
-Project\RNT_Tour\fronte
nd\.next\server\chunks\1
527.js:101:105272)
    at L (D:\Hariharan\G
-Project\RNT_Tour\fronte
nd\.next\server\chunks\9
99.js:115:17864)
    at z (D:\Hariharan\G
-Project\RNT_Tour\fronte
nd\.next\server\chunks\9
99.js:115:18175)
    at em (D:\Hariharan\
G-Project\RNT_Tour\front
end\node_modules\next\di
st\compiled\next-server\
app-page.runtime.prod.js
:12:131226)
    at D:\Hariharan\G-Pr
oject\RNT_Tour\frontend\
node_modules\next\dist\c
ompiled\next-server\app-
page.runtime.prod.js:12:
142926
    at Array.toJSON (D:\
Hariharan\G-Project\RNT_
Tour\frontend\node_modul
es\next\dist\compiled\ne
xt-server\app-page.runti
me.prod.js:12:146504)
    at stringify 
(<anonymous>)
    at eR (D:\Hariharan\
G-Project\RNT_Tour\front
end\node_modules\next\di
st\compiled\next-server\
app-page.runtime.prod.js
:12:134889)
    at eP (D:\Hariharan\
G-Project\RNT_Tour\front
end\node_modules\next\di
st\compiled\next-server\
app-page.runtime.prod.js
:12:135332) {
  description: "Page 
couldn't be rendered 
statically because it 
used `headers`. See 
more info here: https://
nextjs.org/docs/messages
/dynamic-server-error",
  digest: 
'DYNAMIC_SERVER_USAGE'
}
 Γ¿» useSearchParams() 
should be wrapped in a 
suspense boundary at 
page "/admin/packages". 
Read more: https://nextj
s.org/docs/messages/miss
ing-suspense-with-csr-ba
ilout

Error occurred 
prerendering page 
"/admin/packages". Read 
more: https://nextjs.org
/docs/messages/prerender
-error

Failed to fetch initial 
theme: i [Error]: 
Dynamic server usage: 
Page couldn't be 
rendered statically 
because it used 
`headers`. See more 
info here: https://nextj
s.org/docs/messages/dyna
mic-server-error
    at c (D:\Hariharan\G
-Project\RNT_Tour\fronte
nd\.next\server\chunks\1
527.js:101:110790)
    at u (D:\Hariharan\G
-Project\RNT_Tour\fronte
nd\.next\server\chunks\1
527.js:101:105272)
    at L (D:\Hariharan\G
-Project\RNT_Tour\fronte
nd\.next\server\chunks\9
99.js:115:17864)
    at z (D:\Hariharan\G
-Project\RNT_Tour\fronte
nd\.next\server\chunks\9
99.js:115:18175)
    at em (D:\Hariharan\
G-Project\RNT_Tour\front
end\node_modules\next\di
st\compiled\next-server\
app-page.runtime.prod.js
:12:131226)
    at D:\Hariharan\G-Pr
oject\RNT_Tour\frontend\
node_modules\next\dist\c
ompiled\next-server\app-
page.runtime.prod.js:12:
142926
    at Array.toJSON (D:\
Hariharan\G-Project\RNT_
Tour\frontend\node_modul
es\next\dist\compiled\ne
xt-server\app-page.runti
me.prod.js:12:146504)
    at stringify 
(<anonymous>)
    at eR (D:\Hariharan\
G-Project\RNT_Tour\front
end\node_modules\next\di
st\compiled\next-server\
app-page.runtime.prod.js
:12:134889)
    at eP (D:\Hariharan\
G-Project\RNT_Tour\front
end\node_modules\next\di
st\compiled\next-server\
app-page.runtime.prod.js
:12:135332) {
  description: "Page 
couldn't be rendered 
statically because it 
used `headers`. See 
more info here: https://
nextjs.org/docs/messages
/dynamic-server-error",
  digest: 
'DYNAMIC_SERVER_USAGE'
}
Failed to fetch initial 
theme: i [Error]: 
Dynamic server usage: 
Page couldn't be 
rendered statically 
because it used 
`headers`. See more 
info here: https://nextj
s.org/docs/messages/dyna
mic-server-error
    at c (D:\Hariharan\G
-Project\RNT_Tour\fronte
nd\.next\server\chunks\1
527.js:101:110790)
    at u (D:\Hariharan\G
-Project\RNT_Tour\fronte
nd\.next\server\chunks\1
527.js:101:105272)
    at L (D:\Hariharan\G
-Project\RNT_Tour\fronte
nd\.next\server\chunks\9
99.js:115:17864)
    at z (D:\Hariharan\G
-Project\RNT_Tour\fronte
nd\.next\server\chunks\9
99.js:115:18175)
    at em (D:\Hariharan\
G-Project\RNT_Tour\front
end\node_modules\next\di
st\compiled\next-server\
app-page.runtime.prod.js
:12:131226)
    at D:\Hariharan\G-Pr
oject\RNT_Tour\frontend\
node_modules\next\dist\c
ompiled\next-server\app-
page.runtime.prod.js:12:
142926
    at Array.toJSON (D:\
Hariharan\G-Project\RNT_
Tour\frontend\node_modul
es\next\dist\compiled\ne
xt-server\app-page.runti
me.prod.js:12:146504)
    at stringify 
(<anonymous>)
    at eR (D:\Hariharan\
G-Project\RNT_Tour\front
end\node_modules\next\di
st\compiled\next-server\
app-page.runtime.prod.js
:12:134889)
    at eP (D:\Hariharan\
G-Project\RNT_Tour\front
end\node_modules\next\di
st\compiled\next-server\
app-page.runtime.prod.js
:12:135332) {
  description: "Page 
couldn't be rendered 
statically because it 
used `headers`. See 
more info here: https://
nextjs.org/docs/messages
/dynamic-server-error",
  digest: 
'DYNAMIC_SERVER_USAGE'
}
Failed to fetch initial 
theme: i [Error]: 
Dynamic server usage: 
Page couldn't be 
rendered statically 
because it used 
`headers`. See more 
info here: https://nextj
s.org/docs/messages/dyna
mic-server-error
    at c (D:\Hariharan\G
-Project\RNT_Tour\fronte
nd\.next\server\chunks\1
527.js:101:110790)
    at u (D:\Hariharan\G
-Project\RNT_Tour\fronte
nd\.next\server\chunks\1
527.js:101:105272)
    at L (D:\Hariharan\G
-Project\RNT_Tour\fronte
nd\.next\server\chunks\9
99.js:115:17864)
    at z (D:\Hariharan\G
-Project\RNT_Tour\fronte
nd\.next\server\chunks\9
99.js:115:18175)
    at em (D:\Hariharan\
G-Project\RNT_Tour\front
end\node_modules\next\di
st\compiled\next-server\
app-page.runtime.prod.js
:12:131226)
    at D:\Hariharan\G-Pr
oject\RNT_Tour\frontend\
node_modules\next\dist\c
ompiled\next-server\app-
page.runtime.prod.js:12:
142926
    at Array.toJSON (D:\
Hariharan\G-Project\RNT_
Tour\frontend\node_modul
es\next\dist\compiled\ne
xt-server\app-page.runti
me.prod.js:12:146504)
    at stringify 
(<anonymous>)
    at eR (D:\Hariharan\
G-Project\RNT_Tour\front
end\node_modules\next\di
st\compiled\next-server\
app-page.runtime.prod.js
:12:134889)
    at eP (D:\Hariharan\
G-Project\RNT_Tour\front
end\node_modules\next\di
st\compiled\next-server\
app-page.runtime.prod.js
:12:135332) {
  description: "Page 
couldn't be rendered 
statically because it 
used `headers`. See 
more info here: https://
nextjs.org/docs/messages
/dynamic-server-error",
  digest: 
'DYNAMIC_SERVER_USAGE'
}
Failed to fetch initial 
theme: i [Error]: 
Dynamic server usage: 
Page couldn't be 
rendered statically 
because it used 
`headers`. See more 
info here: https://nextj
s.org/docs/messages/dyna
mic-server-error
    at c (D:\Hariharan\G
-Project\RNT_Tour\fronte
nd\.next\server\chunks\1
527.js:101:110790)
    at u (D:\Hariharan\G
-Project\RNT_Tour\fronte
nd\.next\server\chunks\1
527.js:101:105272)
    at L (D:\Hariharan\G
-Project\RNT_Tour\fronte
nd\.next\server\chunks\9
99.js:115:17864)
    at z (D:\Hariharan\G
-Project\RNT_Tour\fronte
nd\.next\server\chunks\9
99.js:115:18175)
    at em (D:\Hariharan\
G-Project\RNT_Tour\front
end\node_modules\next\di
st\compiled\next-server\
app-page.runtime.prod.js
:12:131226)
    at D:\Hariharan\G-Pr
oject\RNT_Tour\frontend\
node_modules\next\dist\c
ompiled\next-server\app-
page.runtime.prod.js:12:
142926
    at Array.toJSON (D:\
Hariharan\G-Project\RNT_
Tour\frontend\node_modul
es\next\dist\compiled\ne
xt-server\app-page.runti
me.prod.js:12:146504)
    at stringify 
(<anonymous>)
    at eR (D:\Hariharan\
G-Project\RNT_Tour\front
end\node_modules\next\di
st\compiled\next-server\
app-page.runtime.prod.js
:12:134889)
    at eP (D:\Hariharan\
G-Project\RNT_Tour\front
end\node_modules\next\di
st\compiled\next-server\
app-page.runtime.prod.js
:12:135332) {
  description: "Page 
couldn't be rendered 
statically because it 
used `headers`. See 
more info here: https://
nextjs.org/docs/messages
/dynamic-server-error",
  digest: 
'DYNAMIC_SERVER_USAGE'
}
 Γ¿» useSearchParams() 
should be wrapped in a 
suspense boundary at 
page "/agent/bookings". 
Read more: https://nextj
s.org/docs/messages/miss
ing-suspense-with-csr-ba
ilout

Error occurred 
prerendering page 
"/agent/bookings". Read 
more: https://nextjs.org
/docs/messages/prerender
-error

Failed to fetch initial 
theme: i [Error]: 
Dynamic server usage: 
Page couldn't be 
rendered statically 
because it used 
`headers`. See more 
info here: https://nextj
s.org/docs/messages/dyna
mic-server-error
    at c (D:\Hariharan\G
-Project\RNT_Tour\fronte
nd\.next\server\chunks\1
527.js:101:110790)
    at u (D:\Hariharan\G
-Project\RNT_Tour\fronte
nd\.next\server\chunks\1
527.js:101:105272)
    at L (D:\Hariharan\G
-Project\RNT_Tour\fronte
nd\.next\server\chunks\9
99.js:115:17864)
    at z (D:\Hariharan\G
-Project\RNT_Tour\fronte
nd\.next\server\chunks\9
99.js:115:18175)
    at em (D:\Hariharan\
G-Project\RNT_Tour\front
end\node_modules\next\di
st\compiled\next-server\
app-page.runtime.prod.js
:12:131226)
    at D:\Hariharan\G-Pr
oject\RNT_Tour\frontend\
node_modules\next\dist\c
ompiled\next-server\app-
page.runtime.prod.js:12:
142926
    at Array.toJSON (D:\
Hariharan\G-Project\RNT_
Tour\frontend\node_modul
es\next\dist\compiled\ne
xt-server\app-page.runti
me.prod.js:12:146504)
    at stringify 
(<anonymous>)
    at eR (D:\Hariharan\
G-Project\RNT_Tour\front
end\node_modules\next\di
st\compiled\next-server\
app-page.runtime.prod.js
:12:134889)
    at eP (D:\Hariharan\
G-Project\RNT_Tour\front
end\node_modules\next\di
st\compiled\next-server\
app-page.runtime.prod.js
:12:135332) {
  description: "Page 
couldn't be rendered 
statically because it 
used `headers`. See 
more info here: https://
nextjs.org/docs/messages
/dynamic-server-error",
  digest: 
'DYNAMIC_SERVER_USAGE'
}
Failed to fetch initial 
theme: i [Error]: 
Dynamic server usage: 
Page couldn't be 
rendered statically 
because it used 
`headers`. See more 
info here: https://nextj
s.org/docs/messages/dyna
mic-server-error
    at c (D:\Hariharan\G
-Project\RNT_Tour\fronte
nd\.next\server\chunks\1
527.js:101:110790)
    at u (D:\Hariharan\G
-Project\RNT_Tour\fronte
nd\.next\server\chunks\1
527.js:101:105272)
    at L (D:\Hariharan\G
-Project\RNT_Tour\fronte
nd\.next\server\chunks\9
99.js:115:17864)
    at z (D:\Hariharan\G
-Project\RNT_Tour\fronte
nd\.next\server\chunks\9
99.js:115:18175)
    at em (D:\Hariharan\
G-Project\RNT_Tour\front
end\node_modules\next\di
st\compiled\next-server\
app-page.runtime.prod.js
:12:131226)
    at D:\Hariharan\G-Pr
oject\RNT_Tour\frontend\
node_modules\next\dist\c
ompiled\next-server\app-
page.runtime.prod.js:12:
142926
    at Array.toJSON (D:\
Hariharan\G-Project\RNT_
Tour\frontend\node_modul
es\next\dist\compiled\ne
xt-server\app-page.runti
me.prod.js:12:146504)
    at stringify 
(<anonymous>)
    at eR (D:\Hariharan\
G-Project\RNT_Tour\front
end\node_modules\next\di
st\compiled\next-server\
app-page.runtime.prod.js
:12:134889)
    at eP (D:\Hariharan\
G-Project\RNT_Tour\front
end\node_modules\next\di
st\compiled\next-server\
app-page.runtime.prod.js
:12:135332) {
  description: "Page 
couldn't be rendered 
statically because it 
used `headers`. See 
more info here: https://
nextjs.org/docs/messages
/dynamic-server-error",
  digest: 
'DYNAMIC_SERVER_USAGE'
}
 Γ¿» useSearchParams() 
should be wrapped in a 
suspense boundary at 
page "/agent/settings/th
eme". Read more: https:/
/nextjs.org/docs/message
s/missing-suspense-with-
csr-bailout

Error occurred 
prerendering page "/agen
t/settings/theme". Read 
more: https://nextjs.org
/docs/messages/prerender
-error





Failed to fetch initial 
theme: i [Error]: 
Dynamic server usage: 
Page couldn't be 
rendered statically 
because it used 
`headers`. See more 
info here: https://nextj
s.org/docs/messages/dyna
mic-server-error
    at c (D:\Hariharan\G
-Project\RNT_Tour\fronte
nd\.next\server\chunks\1
527.js:101:110790)
    at u (D:\Hariharan\G
-Project\RNT_Tour\fronte
nd\.next\server\chunks\1
527.js:101:105272)
    at L (D:\Hariharan\G
-Project\RNT_Tour\fronte
nd\.next\server\chunks\9
99.js:115:17864)
    at z (D:\Hariharan\G
-Project\RNT_Tour\fronte
nd\.next\server\chunks\9
99.js:115:18175)
    at em (D:\Hariharan\
G-Project\RNT_Tour\front
end\node_modules\next\di
st\compiled\next-server\
app-page.runtime.prod.js
:12:131226)
    at D:\Hariharan\G-Pr
oject\RNT_Tour\frontend\
node_modules\next\dist\c
ompiled\next-server\app-
page.runtime.prod.js:12:
142926
    at Array.toJSON (D:\
Hariharan\G-Project\RNT_
Tour\frontend\node_modul
es\next\dist\compiled\ne
xt-server\app-page.runti
me.prod.js:12:146504)
    at stringify 
(<anonymous>)
    at eR (D:\Hariharan\
G-Project\RNT_Tour\front
end\node_modules\next\di
st\compiled\next-server\
app-page.runtime.prod.js
:12:134889)
    at eP (D:\Hariharan\
G-Project\RNT_Tour\front
end\node_modules\next\di
st\compiled\next-server\
app-page.runtime.prod.js
:12:135332) {
  description: "Page 
couldn't be rendered 
statically because it 
used `headers`. See 
more info here: https://
nextjs.org/docs/messages
/dynamic-server-error",
  digest: 
'DYNAMIC_SERVER_USAGE'
}
Failed to fetch initial 
theme: i [Error]: 
Dynamic server usage: 
Page couldn't be 
rendered statically 
because it used 
`headers`. See more 
info here: https://nextj
s.org/docs/messages/dyna
mic-server-error
    at c (D:\Hariharan\G
-Project\RNT_Tour\fronte
nd\.next\server\chunks\1
527.js:101:110790)
    at u (D:\Hariharan\G
-Project\RNT_Tour\fronte
nd\.next\server\chunks\1
527.js:101:105272)
    at L (D:\Hariharan\G
-Project\RNT_Tour\fronte
nd\.next\server\chunks\9
99.js:115:17864)
    at z (D:\Hariharan\G
-Project\RNT_Tour\fronte
nd\.next\server\chunks\9
99.js:115:18175)
    at em (D:\Hariharan\
G-Project\RNT_Tour\front
end\node_modules\next\di
st\compiled\next-server\
app-page.runtime.prod.js
:12:131226)
    at D:\Hariharan\G-Pr
oject\RNT_Tour\frontend\
node_modules\next\dist\c
ompiled\next-server\app-
page.runtime.prod.js:12:
142926
    at Array.toJSON (D:\
Hariharan\G-Project\RNT_
Tour\frontend\node_modul
es\next\dist\compiled\ne
xt-server\app-page.runti
me.prod.js:12:146504)
    at stringify 
(<anonymous>)
    at eR (D:\Hariharan\
G-Project\RNT_Tour\front
end\node_modules\next\di
st\compiled\next-server\
app-page.runtime.prod.js
:12:134889)
    at eP (D:\Hariharan\
G-Project\RNT_Tour\front
end\node_modules\next\di
st\compiled\next-server\
app-page.runtime.prod.js
:12:135332) {
  description: "Page 
couldn't be rendered 
statically because it 
used `headers`. See 
more info here: https://
nextjs.org/docs/messages
/dynamic-server-error",
  digest: 
'DYNAMIC_SERVER_USAGE'
}
 Γ¿» useSearchParams() 
should be wrapped in a 
suspense boundary at 
page 
"/agent/packages/new". 
Read more: https://nextj
s.org/docs/messages/miss
ing-suspense-with-csr-ba
ilout

Error occurred 
prerendering page 
"/agent/packages/new". 
Read more: https://nextj
s.org/docs/messages/prer
ender-error





   Generating static pages (8/35) 
 Γ¿» useSearchParams() 
should be wrapped in a 
suspense boundary at 
page "/admin/billing". 
Read more: https://nextj
s.org/docs/messages/miss
ing-suspense-with-csr-ba
ilout

Error occurred 
prerendering page 
"/admin/billing". Read 
more: https://nextjs.org
/docs/messages/prerender
-error


 Γ¿» useSearchParams() 
should be wrapped in a 
suspense boundary at 
page "/agent/settings". 
Read more: https://nextj
s.org/docs/messages/miss
ing-suspense-with-csr-ba
ilout

Error occurred 
prerendering page 
"/agent/settings". Read 
more: https://nextjs.org
/docs/messages/prerender
-error

Failed to fetch initial 
theme: i [Error]: 
Dynamic server usage: 
Page couldn't be 
rendered statically 
because it used 
`headers`. See more 
info here: https://nextj
s.org/docs/messages/dyna
mic-server-error
    at c (D:\Hariharan\G
-Project\RNT_Tour\fronte
nd\.next\server\chunks\1
527.js:101:110790)
    at u (D:\Hariharan\G
-Project\RNT_Tour\fronte
nd\.next\server\chunks\1
527.js:101:105272)
    at L (D:\Hariharan\G
-Project\RNT_Tour\fronte
nd\.next\server\chunks\9
99.js:115:17864)
    at z (D:\Hariharan\G
-Project\RNT_Tour\fronte
nd\.next\server\chunks\9
99.js:115:18175)
    at em (D:\Hariharan\
G-Project\RNT_Tour\front
end\node_modules\next\di
st\compiled\next-server\
app-page.runtime.prod.js
:12:131226)
    at D:\Hariharan\G-Pr
oject\RNT_Tour\frontend\
node_modules\next\dist\c
ompiled\next-server\app-
page.runtime.prod.js:12:
142926
    at Array.toJSON (D:\
Hariharan\G-Project\RNT_
Tour\frontend\node_modul
es\next\dist\compiled\ne
xt-server\app-page.runti
me.prod.js:12:146504)
    at stringify 
(<anonymous>)
    at eR (D:\Hariharan\
G-Project\RNT_Tour\front
end\node_modules\next\di
st\compiled\next-server\
app-page.runtime.prod.js
:12:134889)
    at eP (D:\Hariharan\
G-Project\RNT_Tour\front
end\node_modules\next\di
st\compiled\next-server\
app-page.runtime.prod.js
:12:135332) {
  description: "Page 
couldn't be rendered 
statically because it 
used `headers`. See 
more info here: https://
nextjs.org/docs/messages
/dynamic-server-error",
  digest: 
'DYNAMIC_SERVER_USAGE'
}
Failed to fetch initial 
theme: i [Error]: 
Dynamic server usage: 
Page couldn't be 
rendered statically 
because it used 
`headers`. See more 
info here: https://nextj
s.org/docs/messages/dyna
mic-server-error
    at c (D:\Hariharan\G
-Project\RNT_Tour\fronte
nd\.next\server\chunks\1
527.js:101:110790)
    at u (D:\Hariharan\G
-Project\RNT_Tour\fronte
nd\.next\server\chunks\1
527.js:101:105272)
    at L (D:\Hariharan\G
-Project\RNT_Tour\fronte
nd\.next\server\chunks\9
99.js:115:17864)
    at z (D:\Hariharan\G
-Project\RNT_Tour\fronte
nd\.next\server\chunks\9
99.js:115:18175)
    at em (D:\Hariharan\
G-Project\RNT_Tour\front
end\node_modules\next\di
st\compiled\next-server\
app-page.runtime.prod.js
:12:131226)
    at D:\Hariharan\G-Pr
oject\RNT_Tour\frontend\
node_modules\next\dist\c
ompiled\next-server\app-
page.runtime.prod.js:12:
142926
    at Array.toJSON (D:\
Hariharan\G-Project\RNT_
Tour\frontend\node_modul
es\next\dist\compiled\ne
xt-server\app-page.runti
me.prod.js:12:146504)
    at stringify 
(<anonymous>)
    at eR (D:\Hariharan\
G-Project\RNT_Tour\front
end\node_modules\next\di
st\compiled\next-server\
app-page.runtime.prod.js
:12:134889)
    at eP (D:\Hariharan\
G-Project\RNT_Tour\front
end\node_modules\next\di
st\compiled\next-server\
app-page.runtime.prod.js
:12:135332) {
  description: "Page 
couldn't be rendered 
statically because it 
used `headers`. See 
more info here: https://
nextjs.org/docs/messages
/dynamic-server-error",
  digest: 
'DYNAMIC_SERVER_USAGE'
}
 Γ¿» useSearchParams() 
should be wrapped in a 
suspense boundary at 
page 
"/agent/subscription". 
Read more: https://nextj
s.org/docs/messages/miss
ing-suspense-with-csr-ba
ilout

Error occurred 
prerendering page 
"/agent/subscription". 
Read more: https://nextj
s.org/docs/messages/prer
ender-error


 Γ¿» useSearchParams() 
should be wrapped in a 
suspense boundary at 
page 
"/agent/dashboard". 
Read more: https://nextj
s.org/docs/messages/miss
ing-suspense-with-csr-ba
ilout

Error occurred 
prerendering page 
"/agent/dashboard". 
Read more: https://nextj
s.org/docs/messages/prer
ender-error



Failed to fetch initial 
theme: i [Error]: 
Dynamic server usage: 
Page couldn't be 
rendered statically 
because it used 
`headers`. See more 
info here: https://nextj
s.org/docs/messages/dyna
mic-server-error
    at c (D:\Hariharan\G
-Project\RNT_Tour\fronte
nd\.next\server\chunks\1
527.js:101:110790)
    at u (D:\Hariharan\G
-Project\RNT_Tour\fronte
nd\.next\server\chunks\1
527.js:101:105272)
    at L (D:\Hariharan\G
-Project\RNT_Tour\fronte
nd\.next\server\chunks\9
99.js:115:17864)
    at z (D:\Hariharan\G
-Project\RNT_Tour\fronte
nd\.next\server\chunks\9
99.js:115:18175)
    at em (D:\Hariharan\
G-Project\RNT_Tour\front
end\node_modules\next\di
st\compiled\next-server\
app-page.runtime.prod.js
:12:131226)
    at D:\Hariharan\G-Pr
oject\RNT_Tour\frontend\
node_modules\next\dist\c
ompiled\next-server\app-
page.runtime.prod.js:12:
142926
    at Array.toJSON (D:\
Hariharan\G-Project\RNT_
Tour\frontend\node_modul
es\next\dist\compiled\ne
xt-server\app-page.runti
me.prod.js:12:146504)
    at stringify 
(<anonymous>)
    at eR (D:\Hariharan\
G-Project\RNT_Tour\front
end\node_modules\next\di
st\compiled\next-server\
app-page.runtime.prod.js
:12:134889)
    at eP (D:\Hariharan\
G-Project\RNT_Tour\front
end\node_modules\next\di
st\compiled\next-server\
app-page.runtime.prod.js
:12:135332) {
  description: "Page 
couldn't be rendered 
statically because it 
used `headers`. See 
more info here: https://
nextjs.org/docs/messages
/dynamic-server-error",
  digest: 
'DYNAMIC_SERVER_USAGE'
}
Failed to fetch initial 
theme: i [Error]: 
Dynamic server usage: 
Page couldn't be 
rendered statically 
because it used 
`headers`. See more 
info here: https://nextj
s.org/docs/messages/dyna
mic-server-error
    at c (D:\Hariharan\G
-Project\RNT_Tour\fronte
nd\.next\server\chunks\1
527.js:101:110790)
    at u (D:\Hariharan\G
-Project\RNT_Tour\fronte
nd\.next\server\chunks\1
527.js:101:105272)
    at L (D:\Hariharan\G
-Project\RNT_Tour\fronte
nd\.next\server\chunks\9
99.js:115:17864)
    at z (D:\Hariharan\G
-Project\RNT_Tour\fronte
nd\.next\server\chunks\9
99.js:115:18175)
    at em (D:\Hariharan\
G-Project\RNT_Tour\front
end\node_modules\next\di
st\compiled\next-server\
app-page.runtime.prod.js
:12:131226)
    at D:\Hariharan\G-Pr
oject\RNT_Tour\frontend\
node_modules\next\dist\c
ompiled\next-server\app-
page.runtime.prod.js:12:
142926
    at Array.toJSON (D:\
Hariharan\G-Project\RNT_
Tour\frontend\node_modul
es\next\dist\compiled\ne
xt-server\app-page.runti
me.prod.js:12:146504)
    at stringify 
(<anonymous>)
    at eR (D:\Hariharan\
G-Project\RNT_Tour\front
end\node_modules\next\di
st\compiled\next-server\
app-page.runtime.prod.js
:12:134889)
    at eP (D:\Hariharan\
G-Project\RNT_Tour\front
end\node_modules\next\di
st\compiled\next-server\
app-page.runtime.prod.js
:12:135332) {
  description: "Page 
couldn't be rendered 
statically because it 
used `headers`. See 
more info here: https://
nextjs.org/docs/messages
/dynamic-server-error",
  digest: 
'DYNAMIC_SERVER_USAGE'
}
 Γ¿» useSearchParams() 
should be wrapped in a 
suspense boundary at 
page 
"/itinerary/create". 
Read more: https://nextj
s.org/docs/messages/miss
ing-suspense-with-csr-ba
ilout

Error occurred 
prerendering page 
"/itinerary/create". 
Read more: https://nextj
s.org/docs/messages/prer
ender-error

Failed to fetch initial 
theme: i [Error]: 
Dynamic server usage: 
Page couldn't be 
rendered statically 
because it used 
`headers`. See more 
info here: https://nextj
s.org/docs/messages/dyna
mic-server-error
    at c (D:\Hariharan\G
-Project\RNT_Tour\fronte
nd\.next\server\chunks\1
527.js:101:110790)
    at u (D:\Hariharan\G
-Project\RNT_Tour\fronte
nd\.next\server\chunks\1
527.js:101:105272)
    at L (D:\Hariharan\G
-Project\RNT_Tour\fronte
nd\.next\server\chunks\9
99.js:115:17864)
    at z (D:\Hariharan\G
-Project\RNT_Tour\fronte
nd\.next\server\chunks\9
99.js:115:18175)
    at em (D:\Hariharan\
G-Project\RNT_Tour\front
end\node_modules\next\di
st\compiled\next-server\
app-page.runtime.prod.js
:12:131226)
    at D:\Hariharan\G-Pr
oject\RNT_Tour\frontend\
node_modules\next\dist\c
ompiled\next-server\app-
page.runtime.prod.js:12:
142926
    at Array.toJSON (D:\
Hariharan\G-Project\RNT_
Tour\frontend\node_modul
es\next\dist\compiled\ne
xt-server\app-page.runti
me.prod.js:12:146504)
    at stringify 
(<anonymous>)
    at eR (D:\Hariharan\
G-Project\RNT_Tour\front
end\node_modules\next\di
st\compiled\next-server\
app-page.runtime.prod.js
:12:134889)
    at eP (D:\Hariharan\
G-Project\RNT_Tour\front
end\node_modules\next\di
st\compiled\next-server\
app-page.runtime.prod.js
:12:135332) {
  description: "Page 
couldn't be rendered 
statically because it 
used `headers`. See 
more info here: https://
nextjs.org/docs/messages
/dynamic-server-error",
  digest: 
'DYNAMIC_SERVER_USAGE'
}
Failed to fetch initial 
theme: i [Error]: 
Dynamic server usage: 
Page couldn't be 
rendered statically 
because it used 
`headers`. See more 
info here: https://nextj
s.org/docs/messages/dyna
mic-server-error
    at c (D:\Hariharan\G
-Project\RNT_Tour\fronte
nd\.next\server\chunks\1
527.js:101:110790)
    at u (D:\Hariharan\G
-Project\RNT_Tour\fronte
nd\.next\server\chunks\1
527.js:101:105272)
    at L (D:\Hariharan\G
-Project\RNT_Tour\fronte
nd\.next\server\chunks\9
99.js:115:17864)
    at z (D:\Hariharan\G
-Project\RNT_Tour\fronte
nd\.next\server\chunks\9
99.js:115:18175)
    at em (D:\Hariharan\
G-Project\RNT_Tour\front
end\node_modules\next\di
st\compiled\next-server\
app-page.runtime.prod.js
:12:131226)
    at D:\Hariharan\G-Pr
oject\RNT_Tour\frontend\
node_modules\next\dist\c
ompiled\next-server\app-
page.runtime.prod.js:12:
142926
    at Array.toJSON (D:\
Hariharan\G-Project\RNT_
Tour\frontend\node_modul
es\next\dist\compiled\ne
xt-server\app-page.runti
me.prod.js:12:146504)
    at stringify 
(<anonymous>)
    at eR (D:\Hariharan\
G-Project\RNT_Tour\front
end\node_modules\next\di
st\compiled\next-server\
app-page.runtime.prod.js
:12:134889)
    at eP (D:\Hariharan\
G-Project\RNT_Tour\front
end\node_modules\next\di
st\compiled\next-server\
app-page.runtime.prod.js
:12:135332) {
  description: "Page 
couldn't be rendered 
statically because it 
used `headers`. See 
more info here: https://
nextjs.org/docs/messages
/dynamic-server-error",
  digest: 
'DYNAMIC_SERVER_USAGE'
}
 Γ¿» useSearchParams() 
should be wrapped in a 
suspense boundary at 
page "/bookings". Read 
more: https://nextjs.org
/docs/messages/missing-s
uspense-with-csr-bailout

Error occurred 
prerendering page 
"/bookings". Read more: 
https://nextjs.org/docs/
messages/prerender-error

Failed to fetch initial 
theme: i [Error]: 
Dynamic server usage: 
Page couldn't be 
rendered statically 
because it used 
`headers`. See more 
info here: https://nextj
s.org/docs/messages/dyna
mic-server-error
    at c (D:\Hariharan\G
-Project\RNT_Tour\fronte
nd\.next\server\chunks\1
527.js:101:110790)
    at u (D:\Hariharan\G
-Project\RNT_Tour\fronte
nd\.next\server\chunks\1
527.js:101:105272)
    at L (D:\Hariharan\G
-Project\RNT_Tour\fronte
nd\.next\server\chunks\9
99.js:115:17864)
    at z (D:\Hariharan\G
-Project\RNT_Tour\fronte
nd\.next\server\chunks\9
99.js:115:18175)
    at em (D:\Hariharan\
G-Project\RNT_Tour\front
end\node_modules\next\di
st\compiled\next-server\
app-page.runtime.prod.js
:12:131226)
    at D:\Hariharan\G-Pr
oject\RNT_Tour\frontend\
node_modules\next\dist\c
ompiled\next-server\app-
page.runtime.prod.js:12:
142926
    at Array.toJSON (D:\
Hariharan\G-Project\RNT_
Tour\frontend\node_modul
es\next\dist\compiled\ne
xt-server\app-page.runti
me.prod.js:12:146504)
    at stringify 
(<anonymous>)
    at eR (D:\Hariharan\
G-Project\RNT_Tour\front
end\node_modules\next\di
st\compiled\next-server\
app-page.runtime.prod.js
:12:134889)
    at eP (D:\Hariharan\
G-Project\RNT_Tour\front
end\node_modules\next\di
st\compiled\next-server\
app-page.runtime.prod.js
:12:135332) {
  description: "Page 
couldn't be rendered 
statically because it 
used `headers`. See 
more info here: https://
nextjs.org/docs/messages
/dynamic-server-error",
  digest: 
'DYNAMIC_SERVER_USAGE'
}
Failed to fetch initial 
theme: i [Error]: 
Dynamic server usage: 
Page couldn't be 
rendered statically 
because it used 
`headers`. See more 
info here: https://nextj
s.org/docs/messages/dyna
mic-server-error
    at c (D:\Hariharan\G
-Project\RNT_Tour\fronte
nd\.next\server\chunks\1
527.js:101:110790)
    at u (D:\Hariharan\G
-Project\RNT_Tour\fronte
nd\.next\server\chunks\1
527.js:101:105272)
    at L (D:\Hariharan\G
-Project\RNT_Tour\fronte
nd\.next\server\chunks\9
99.js:115:17864)
    at z (D:\Hariharan\G
-Project\RNT_Tour\fronte
nd\.next\server\chunks\9
99.js:115:18175)
    at em (D:\Hariharan\
G-Project\RNT_Tour\front
end\node_modules\next\di
st\compiled\next-server\
app-page.runtime.prod.js
:12:131226)
    at D:\Hariharan\G-Pr
oject\RNT_Tour\frontend\
node_modules\next\dist\c
ompiled\next-server\app-
page.runtime.prod.js:12:
142926
    at Array.toJSON (D:\
Hariharan\G-Project\RNT_
Tour\frontend\node_modul
es\next\dist\compiled\ne
xt-server\app-page.runti
me.prod.js:12:146504)
    at stringify 
(<anonymous>)
    at eR (D:\Hariharan\
G-Project\RNT_Tour\front
end\node_modules\next\di
st\compiled\next-server\
app-page.runtime.prod.js
:12:134889)
    at eP (D:\Hariharan\
G-Project\RNT_Tour\front
end\node_modules\next\di
st\compiled\next-server\
app-page.runtime.prod.js
:12:135332) {
  description: "Page 
couldn't be rendered 
statically because it 
used `headers`. See 
more info here: https://
nextjs.org/docs/messages
/dynamic-server-error",
  digest: 
'DYNAMIC_SERVER_USAGE'
}
 Γ¿» useSearchParams() 
should be wrapped in a 
suspense boundary at 
page "/login". Read 
more: https://nextjs.org
/docs/messages/missing-s
uspense-with-csr-bailout

Error occurred 
prerendering page 
"/login". Read more: htt
ps://nextjs.org/docs/mes
sages/prerender-error

Failed to fetch initial 
theme: i [Error]: 
Dynamic server usage: 
Page couldn't be 
rendered statically 
because it used 
`headers`. See more 
info here: https://nextj
s.org/docs/messages/dyna
mic-server-error
    at c (D:\Hariharan\G
-Project\RNT_Tour\fronte
nd\.next\server\chunks\1
527.js:101:110790)
    at u (D:\Hariharan\G
-Project\RNT_Tour\fronte
nd\.next\server\chunks\1
527.js:101:105272)
    at L (D:\Hariharan\G
-Project\RNT_Tour\fronte
nd\.next\server\chunks\9
99.js:115:17864)
    at z (D:\Hariharan\G
-Project\RNT_Tour\fronte
nd\.next\server\chunks\9
99.js:115:18175)
    at em (D:\Hariharan\
G-Project\RNT_Tour\front
end\node_modules\next\di
st\compiled\next-server\
app-page.runtime.prod.js
:12:131226)
    at D:\Hariharan\G-Pr
oject\RNT_Tour\frontend\
node_modules\next\dist\c
ompiled\next-server\app-
page.runtime.prod.js:12:
142926
    at Array.toJSON (D:\
Hariharan\G-Project\RNT_
Tour\frontend\node_modul
es\next\dist\compiled\ne
xt-server\app-page.runti
me.prod.js:12:146504)
    at stringify 
(<anonymous>)
    at eR (D:\Hariharan\
G-Project\RNT_Tour\front
end\node_modules\next\di
st\compiled\next-server\
app-page.runtime.prod.js
:12:134889)
    at eP (D:\Hariharan\
G-Project\RNT_Tour\front
end\node_modules\next\di
st\compiled\next-server\
app-page.runtime.prod.js
:12:135332) {
  description: "Page 
couldn't be rendered 
statically because it 
used `headers`. See 
more info here: https://
nextjs.org/docs/messages
/dynamic-server-error",
  digest: 
'DYNAMIC_SERVER_USAGE'
}
Failed to fetch initial 
theme: i [Error]: 
Dynamic server usage: 
Page couldn't be 
rendered statically 
because it used 
`headers`. See more 
info here: https://nextj
s.org/docs/messages/dyna
mic-server-error
    at c (D:\Hariharan\G
-Project\RNT_Tour\fronte
nd\.next\server\chunks\1
527.js:101:110790)
    at u (D:\Hariharan\G
-Project\RNT_Tour\fronte
nd\.next\server\chunks\1
527.js:101:105272)
    at L (D:\Hariharan\G
-Project\RNT_Tour\fronte
nd\.next\server\chunks\9
99.js:115:17864)
    at z (D:\Hariharan\G
-Project\RNT_Tour\fronte
nd\.next\server\chunks\9
99.js:115:18175)
    at em (D:\Hariharan\
G-Project\RNT_Tour\front
end\node_modules\next\di
st\compiled\next-server\
app-page.runtime.prod.js
:12:131226)
    at D:\Hariharan\G-Pr
oject\RNT_Tour\frontend\
node_modules\next\dist\c
ompiled\next-server\app-
page.runtime.prod.js:12:
142926
    at Array.toJSON (D:\
Hariharan\G-Project\RNT_
Tour\frontend\node_modul
es\next\dist\compiled\ne
xt-server\app-page.runti
me.prod.js:12:146504)
    at stringify 
(<anonymous>)
    at eR (D:\Hariharan\
G-Project\RNT_Tour\front
end\node_modules\next\di
st\compiled\next-server\
app-page.runtime.prod.js
:12:134889)
    at eP (D:\Hariharan\
G-Project\RNT_Tour\front
end\node_modules\next\di
st\compiled\next-server\
app-page.runtime.prod.js
:12:135332) {
  description: "Page 
couldn't be rendered 
statically because it 
used `headers`. See 
more info here: https://
nextjs.org/docs/messages
/dynamic-server-error",
  digest: 
'DYNAMIC_SERVER_USAGE'
}
 Γ¿» useSearchParams() 
should be wrapped in a 
suspense boundary at 
page 
"/forgot-password". 
Read more: https://nextj
s.org/docs/messages/miss
ing-suspense-with-csr-ba
ilout

Error occurred 
prerendering page 
"/forgot-password". 
Read more: https://nextj
s.org/docs/messages/prer
ender-error

Failed to fetch initial 
theme: i [Error]: 
Dynamic server usage: 
Page couldn't be 
rendered statically 
because it used 
`headers`. See more 
info here: https://nextj
s.org/docs/messages/dyna
mic-server-error
    at c (D:\Hariharan\G
-Project\RNT_Tour\fronte
nd\.next\server\chunks\1
527.js:101:110790)
    at u (D:\Hariharan\G
-Project\RNT_Tour\fronte
nd\.next\server\chunks\1
527.js:101:105272)
    at L (D:\Hariharan\G
-Project\RNT_Tour\fronte
nd\.next\server\chunks\9
99.js:115:17864)
    at z (D:\Hariharan\G
-Project\RNT_Tour\fronte
nd\.next\server\chunks\9
99.js:115:18175)
    at em (D:\Hariharan\
G-Project\RNT_Tour\front
end\node_modules\next\di
st\compiled\next-server\
app-page.runtime.prod.js
:12:131226)
    at D:\Hariharan\G-Pr
oject\RNT_Tour\frontend\
node_modules\next\dist\c
ompiled\next-server\app-
page.runtime.prod.js:12:
142926
    at Array.toJSON (D:\
Hariharan\G-Project\RNT_
Tour\frontend\node_modul
es\next\dist\compiled\ne
xt-server\app-page.runti
me.prod.js:12:146504)
    at stringify 
(<anonymous>)
    at eR (D:\Hariharan\
G-Project\RNT_Tour\front
end\node_modules\next\di
st\compiled\next-server\
app-page.runtime.prod.js
:12:134889)
    at eP (D:\Hariharan\
G-Project\RNT_Tour\front
end\node_modules\next\di
st\compiled\next-server\
app-page.runtime.prod.js
:12:135332) {
  description: "Page 
couldn't be rendered 
statically because it 
used `headers`. See 
more info here: https://
nextjs.org/docs/messages
/dynamic-server-error",
  digest: 
'DYNAMIC_SERVER_USAGE'
}
Failed to fetch initial 
theme: i [Error]: 
Dynamic server usage: 
Page couldn't be 
rendered statically 
because it used 
`headers`. See more 
info here: https://nextj
s.org/docs/messages/dyna
mic-server-error
    at c (D:\Hariharan\G
-Project\RNT_Tour\fronte
nd\.next\server\chunks\1
527.js:101:110790)
    at u (D:\Hariharan\G
-Project\RNT_Tour\fronte
nd\.next\server\chunks\1
527.js:101:105272)
    at L (D:\Hariharan\G
-Project\RNT_Tour\fronte
nd\.next\server\chunks\9
99.js:115:17864)
    at z (D:\Hariharan\G
-Project\RNT_Tour\fronte
nd\.next\server\chunks\9
99.js:115:18175)
    at em (D:\Hariharan\
G-Project\RNT_Tour\front
end\node_modules\next\di
st\compiled\next-server\
app-page.runtime.prod.js
:12:131226)
    at D:\Hariharan\G-Pr
oject\RNT_Tour\frontend\
node_modules\next\dist\c
ompiled\next-server\app-
page.runtime.prod.js:12:
142926
    at Array.toJSON (D:\
Hariharan\G-Project\RNT_
Tour\frontend\node_modul
es\next\dist\compiled\ne
xt-server\app-page.runti
me.prod.js:12:146504)
    at stringify 
(<anonymous>)
    at eR (D:\Hariharan\
G-Project\RNT_Tour\front
end\node_modules\next\di
st\compiled\next-server\
app-page.runtime.prod.js
:12:134889)
    at eP (D:\Hariharan\
G-Project\RNT_Tour\front
end\node_modules\next\di
st\compiled\next-server\
app-page.runtime.prod.js
:12:135332) {
  description: "Page 
couldn't be rendered 
statically because it 
used `headers`. See 
more info here: https://
nextjs.org/docs/messages
/dynamic-server-error",
  digest: 
'DYNAMIC_SERVER_USAGE'
}
 Γ¿» useSearchParams() 
should be wrapped in a 
suspense boundary at 
page "/packages". Read 
more: https://nextjs.org
/docs/messages/missing-s
uspense-with-csr-bailout

Error occurred 
prerendering page 
"/packages". Read more: 
https://nextjs.org/docs/
messages/prerender-error

Failed to fetch initial 
theme: i [Error]: 
Dynamic server usage: 
Page couldn't be 
rendered statically 
because it used 
`headers`. See more 
info here: https://nextj
s.org/docs/messages/dyna
mic-server-error
    at c (D:\Hariharan\G
-Project\RNT_Tour\fronte
nd\.next\server\chunks\1
527.js:101:110790)
    at u (D:\Hariharan\G
-Project\RNT_Tour\fronte
nd\.next\server\chunks\1
527.js:101:105272)
    at L (D:\Hariharan\G
-Project\RNT_Tour\fronte
nd\.next\server\chunks\9
99.js:115:17864)
    at z (D:\Hariharan\G
-Project\RNT_Tour\fronte
nd\.next\server\chunks\9
99.js:115:18175)
    at em (D:\Hariharan\
G-Project\RNT_Tour\front
end\node_modules\next\di
st\compiled\next-server\
app-page.runtime.prod.js
:12:131226)
    at D:\Hariharan\G-Pr
oject\RNT_Tour\frontend\
node_modules\next\dist\c
ompiled\next-server\app-
page.runtime.prod.js:12:
142926
    at Array.toJSON (D:\
Hariharan\G-Project\RNT_
Tour\frontend\node_modul
es\next\dist\compiled\ne
xt-server\app-page.runti
me.prod.js:12:146504)
    at stringify 
(<anonymous>)
    at eR (D:\Hariharan\
G-Project\RNT_Tour\front
end\node_modules\next\di
st\compiled\next-server\
app-page.runtime.prod.js
:12:134889)
    at eP (D:\Hariharan\
G-Project\RNT_Tour\front
end\node_modules\next\di
st\compiled\next-server\
app-page.runtime.prod.js
:12:135332) {
  description: "Page 
couldn't be rendered 
statically because it 
used `headers`. See 
more info here: https://
nextjs.org/docs/messages
/dynamic-server-error",
  digest: 
'DYNAMIC_SERVER_USAGE'
}
Failed to fetch initial 
theme: i [Error]: 
Dynamic server usage: 
Page couldn't be 
rendered statically 
because it used 
`headers`. See more 
info here: https://nextj
s.org/docs/messages/dyna
mic-server-error
    at c (D:\Hariharan\G
-Project\RNT_Tour\fronte
nd\.next\server\chunks\1
527.js:101:110790)
    at u (D:\Hariharan\G
-Project\RNT_Tour\fronte
nd\.next\server\chunks\1
527.js:101:105272)
    at L (D:\Hariharan\G
-Project\RNT_Tour\fronte
nd\.next\server\chunks\9
99.js:115:17864)
    at z (D:\Hariharan\G
-Project\RNT_Tour\fronte
nd\.next\server\chunks\9
99.js:115:18175)
    at em (D:\Hariharan\
G-Project\RNT_Tour\front
end\node_modules\next\di
st\compiled\next-server\
app-page.runtime.prod.js
:12:131226)
    at D:\Hariharan\G-Pr
oject\RNT_Tour\frontend\
node_modules\next\dist\c
ompiled\next-server\app-
page.runtime.prod.js:12:
142926
    at Array.toJSON (D:\
Hariharan\G-Project\RNT_
Tour\frontend\node_modul
es\next\dist\compiled\ne
xt-server\app-page.runti
me.prod.js:12:146504)
    at stringify 
(<anonymous>)
    at eR (D:\Hariharan\
G-Project\RNT_Tour\front
end\node_modules\next\di
st\compiled\next-server\
app-page.runtime.prod.js
:12:134889)
    at eP (D:\Hariharan\
G-Project\RNT_Tour\front
end\node_modules\next\di
st\compiled\next-server\
app-page.runtime.prod.js
:12:135332) {
  description: "Page 
couldn't be rendered 
statically because it 
used `headers`. See 
more info here: https://
nextjs.org/docs/messages
/dynamic-server-error",
  digest: 
'DYNAMIC_SERVER_USAGE'
}
 Γ¿» useSearchParams() 
should be wrapped in a 
suspense boundary at 
page 
"/agent/activities". 
Read more: https://nextj
s.org/docs/messages/miss
ing-suspense-with-csr-ba
ilout

Error occurred 
prerendering page 
"/agent/activities". 
Read more: https://nextj
s.org/docs/messages/prer
ender-error

Failed to fetch initial 
theme: i [Error]: 
Dynamic server usage: 
Page couldn't be 
rendered statically 
because it used 
`headers`. See more 
info here: https://nextj
s.org/docs/messages/dyna
mic-server-error
    at c (D:\Hariharan\G
-Project\RNT_Tour\fronte
nd\.next\server\chunks\1
527.js:101:110790)
    at u (D:\Hariharan\G
-Project\RNT_Tour\fronte
nd\.next\server\chunks\1
527.js:101:105272)
    at L (D:\Hariharan\G
-Project\RNT_Tour\fronte
nd\.next\server\chunks\9
99.js:115:17864)
    at z (D:\Hariharan\G
-Project\RNT_Tour\fronte
nd\.next\server\chunks\9
99.js:115:18175)
    at em (D:\Hariharan\
G-Project\RNT_Tour\front
end\node_modules\next\di
st\compiled\next-server\
app-page.runtime.prod.js
:12:131226)
    at D:\Hariharan\G-Pr
oject\RNT_Tour\frontend\
node_modules\next\dist\c
ompiled\next-server\app-
page.runtime.prod.js:12:
142926
    at Array.toJSON (D:\
Hariharan\G-Project\RNT_
Tour\frontend\node_modul
es\next\dist\compiled\ne
xt-server\app-page.runti
me.prod.js:12:146504)
    at stringify 
(<anonymous>)
    at eR (D:\Hariharan\
G-Project\RNT_Tour\front
end\node_modules\next\di
st\compiled\next-server\
app-page.runtime.prod.js
:12:134889)
    at eP (D:\Hariharan\
G-Project\RNT_Tour\front
end\node_modules\next\di
st\compiled\next-server\
app-page.runtime.prod.js
:12:135332) {
  description: "Page 
couldn't be rendered 
statically because it 
used `headers`. See 
more info here: https://
nextjs.org/docs/messages
/dynamic-server-error",

  digest: 
'DYNAMIC_SERVER_USAGE'
}
Failed to fetch initial 
theme: i [Error]: 
Dynamic server usage: 
Page couldn't be 
rendered statically 
because it used 
`headers`. See more 
info here: https://nextj
s.org/docs/messages/dyna
mic-server-error
    at c (D:\Hariharan\G
-Project\RNT_Tour\fronte
nd\.next\server\chunks\1
527.js:101:110790)
    at u (D:\Hariharan\G
-Project\RNT_Tour\fronte
nd\.next\server\chunks\1
527.js:101:105272)
    at L (D:\Hariharan\G
-Project\RNT_Tour\fronte
nd\.next\server\chunks\9
99.js:115:17864)
    at z (D:\Hariharan\G
-Project\RNT_Tour\fronte
nd\.next\server\chunks\9
99.js:115:18175)
    at em (D:\Hariharan\
G-Project\RNT_Tour\front
end\node_modules\next\di
st\compiled\next-server\
app-page.runtime.prod.js
:12:131226)
    at D:\Hariharan\G-Pr
oject\RNT_Tour\frontend\
node_modules\next\dist\c
ompiled\next-server\app-
page.runtime.prod.js:12:
142926
    at Array.toJSON (D:\
Hariharan\G-Project\RNT_
Tour\frontend\node_modul
es\next\dist\compiled\ne
xt-server\app-page.runti
me.prod.js:12:146504)
    at stringify 
(<anonymous>)
    at eR (D:\Hariharan\
G-Project\RNT_Tour\front
end\node_modules\next\di
st\compiled\next-server\
app-page.runtime.prod.js
:12:134889)
    at eP (D:\Hariharan\
G-Project\RNT_Tour\front
end\node_modules\next\di
st\compiled\next-server\
app-page.runtime.prod.js
:12:135332) {
  description: "Page 
couldn't be rendered 
statically because it 
used `headers`. See 
more info here: https://
nextjs.org/docs/messages
/dynamic-server-error",



   Generating static pages (17/35) 
  digest: 
'DYNAMIC_SERVER_USAGE'
}
 Γ¿» useSearchParams() 
should be wrapped in a 
suspense boundary at 
page "/register". Read 
more: https://nextjs.org
/docs/messages/missing-s
uspense-with-csr-bailout

Error occurred 
prerendering page 
"/register". Read more: 
https://nextjs.org/docs/
messages/prerender-error

Failed to fetch initial 
theme: i [Error]: 
Dynamic server usage: 
Page couldn't be 
rendered statically 
because it used 
`headers`. See more 
info here: https://nextj
s.org/docs/messages/dyna
mic-server-error
    at c (D:\Hariharan\G
-Project\RNT_Tour\fronte
nd\.next\server\chunks\1
527.js:101:110790)
    at u (D:\Hariharan\G
-Project\RNT_Tour\fronte
nd\.next\server\chunks\1
527.js:101:105272)
    at L (D:\Hariharan\G
-Project\RNT_Tour\fronte
nd\.next\server\chunks\9
99.js:115:17864)
    at z (D:\Hariharan\G
-Project\RNT_Tour\fronte
nd\.next\server\chunks\9
99.js:115:18175)
    at em (D:\Hariharan\
G-Project\RNT_Tour\front
end\node_modules\next\di
st\compiled\next-server\
app-page.runtime.prod.js
:12:131226)
    at D:\Hariharan\G-Pr
oject\RNT_Tour\frontend\
node_modules\next\dist\c
ompiled\next-server\app-
page.runtime.prod.js:12:
142926
    at Array.toJSON (D:\
Hariharan\G-Project\RNT_
Tour\frontend\node_modul
es\next\dist\compiled\ne
xt-server\app-page.runti
me.prod.js:12:146504)
    at stringify 
(<anonymous>)
    at eR (D:\Hariharan\
G-Project\RNT_Tour\front
end\node_modules\next\di
st\compiled\next-server\
app-page.runtime.prod.js
:12:134889)
    at eP (D:\Hariharan\
G-Project\RNT_Tour\front
end\node_modules\next\di
st\compiled\next-server\
app-page.runtime.prod.js
:12:135332) {
  description: "Page 
couldn't be rendered 
statically because it 
used `headers`. See 
more info here: https://
nextjs.org/docs/messages
/dynamic-server-error",
  digest: 
'DYNAMIC_SERVER_USAGE'
}
Failed to fetch initial 
theme: i [Error]: 
Dynamic server usage: 
Page couldn't be 
rendered statically 
because it used 
`headers`. See more 
info here: https://nextj
s.org/docs/messages/dyna
mic-server-error
    at c (D:\Hariharan\G
-Project\RNT_Tour\fronte
nd\.next\server\chunks\1
527.js:101:110790)
    at u (D:\Hariharan\G
-Project\RNT_Tour\fronte
nd\.next\server\chunks\1
527.js:101:105272)
    at L (D:\Hariharan\G
-Project\RNT_Tour\fronte
nd\.next\server\chunks\9
99.js:115:17864)
    at z (D:\Hariharan\G
-Project\RNT_Tour\fronte
nd\.next\server\chunks\9
99.js:115:18175)
    at em (D:\Hariharan\
G-Project\RNT_Tour\front
end\node_modules\next\di
st\compiled\next-server\
app-page.runtime.prod.js
:12:131226)
    at D:\Hariharan\G-Pr
oject\RNT_Tour\frontend\
node_modules\next\dist\c
ompiled\next-server\app-
page.runtime.prod.js:12:
142926
    at Array.toJSON (D:\
Hariharan\G-Project\RNT_
Tour\frontend\node_modul
es\next\dist\compiled\ne
xt-server\app-page.runti
me.prod.js:12:146504)
    at stringify 
(<anonymous>)
    at eR (D:\Hariharan\
G-Project\RNT_Tour\front
end\node_modules\next\di
st\compiled\next-server\
app-page.runtime.prod.js
:12:134889)
    at eP (D:\Hariharan\
G-Project\RNT_Tour\front
end\node_modules\next\di
st\compiled\next-server\
app-page.runtime.prod.js
:12:135332) {
  description: "Page 
couldn't be rendered 
statically because it 
used `headers`. See 
more info here: https://
nextjs.org/docs/messages
/dynamic-server-error",
  digest: 
'DYNAMIC_SERVER_USAGE'
}
 Γ¿» useSearchParams() 
should be wrapped in a 
suspense boundary at 
page 
"/itinerary/builder". 
Read more: https://nextj
s.org/docs/messages/miss
ing-suspense-with-csr-ba
ilout

Error occurred 
prerendering page 
"/itinerary/builder". 
Read more: https://nextj
s.org/docs/messages/prer
ender-error






Failed to fetch initial 
theme: i [Error]: 
Dynamic server usage: 
Page couldn't be 
rendered statically 
because it used 
`headers`. See more 
info here: https://nextj
s.org/docs/messages/dyna
mic-server-error
    at c (D:\Hariharan\G
-Project\RNT_Tour\fronte
nd\.next\server\chunks\1
527.js:101:110790)
    at u (D:\Hariharan\G
-Project\RNT_Tour\fronte
nd\.next\server\chunks\1
527.js:101:105272)
    at L (D:\Hariharan\G
-Project\RNT_Tour\fronte
nd\.next\server\chunks\9
99.js:115:17864)
    at z (D:\Hariharan\G
-Project\RNT_Tour\fronte
nd\.next\server\chunks\9
99.js:115:18175)
    at em (D:\Hariharan\
G-Project\RNT_Tour\front
end\node_modules\next\di
st\compiled\next-server\
app-page.runtime.prod.js
:12:131226)
    at D:\Hariharan\G-Pr
oject\RNT_Tour\frontend\
node_modules\next\dist\c
ompiled\next-server\app-
page.runtime.prod.js:12:
142926
    at Array.toJSON (D:\
Hariharan\G-Project\RNT_
Tour\frontend\node_modul
es\next\dist\compiled\ne
xt-server\app-page.runti
me.prod.js:12:146504)
    at stringify 
(<anonymous>)
    at eR (D:\Hariharan\
G-Project\RNT_Tour\front
end\node_modules\next\di
st\compiled\next-server\
app-page.runtime.prod.js
:12:134889)
    at eP (D:\Hariharan\
G-Project\RNT_Tour\front
end\node_modules\next\di
st\compiled\next-server\
app-page.runtime.prod.js
:12:135332) {
  description: "Page 
couldn't be rendered 
statically because it 
used `headers`. See 
more info here: https://
nextjs.org/docs/messages
/dynamic-server-error",
  digest: 
'DYNAMIC_SERVER_USAGE'
}
Failed to fetch initial 
theme: i [Error]: 
Dynamic server usage: 
Page couldn't be 
rendered statically 
because it used 
`headers`. See more 
info here: https://nextj
s.org/docs/messages/dyna
mic-server-error
    at c (D:\Hariharan\G
-Project\RNT_Tour\fronte
nd\.next\server\chunks\1
527.js:101:110790)
    at u (D:\Hariharan\G
-Project\RNT_Tour\fronte
nd\.next\server\chunks\1
527.js:101:105272)
    at L (D:\Hariharan\G
-Project\RNT_Tour\fronte
nd\.next\server\chunks\9
99.js:115:17864)
    at z (D:\Hariharan\G
-Project\RNT_Tour\fronte
nd\.next\server\chunks\9
99.js:115:18175)
    at em (D:\Hariharan\
G-Project\RNT_Tour\front
end\node_modules\next\di
st\compiled\next-server\
app-page.runtime.prod.js
:12:131226)
    at D:\Hariharan\G-Pr
oject\RNT_Tour\frontend\
node_modules\next\dist\c
ompiled\next-server\app-
page.runtime.prod.js:12:
142926

    at Array.toJSON (D:\
Hariharan\G-Project\RNT_
Tour\frontend\node_modul
es\next\dist\compiled\ne
xt-server\app-page.runti
me.prod.js:12:146504)
    at stringify 
(<anonymous>)
    at eR (D:\Hariharan\
G-Project\RNT_Tour\front
end\node_modules\next\di
st\compiled\next-server\
app-page.runtime.prod.js
:12:134889)
    at eP (D:\Hariharan\
G-Project\RNT_Tour\front
end\node_modules\next\di
st\compiled\next-server\
app-page.runtime.prod.js
:12:135332) {
  description: "Page 
couldn't be rendered 
statically because it 
used `headers`. See 
more info here: https://
nextjs.org/docs/messages
/dynamic-server-error",
  digest: 
'DYNAMIC_SERVER_USAGE'
}
 Γ¿» useSearchParams() 
should be wrapped in a 
suspense boundary at 
page "/reset-password". 
Read more: https://nextj
s.org/docs/messages/miss
ing-suspense-with-csr-ba
ilout

Error occurred 
prerendering page 
"/reset-password". Read 
more: https://nextjs.org
/docs/messages/prerender
-error

Failed to fetch initial 
theme: i [Error]: 
Dynamic server usage: 
Page couldn't be 
rendered statically 
because it used 
`headers`. See more 
info here: https://nextj
s.org/docs/messages/dyna
mic-server-error
    at c (D:\Hariharan\G
-Project\RNT_Tour\fronte
nd\.next\server\chunks\1
527.js:101:110790)
    at u (D:\Hariharan\G
-Project\RNT_Tour\fronte
nd\.next\server\chunks\1
527.js:101:105272)
    at L (D:\Hariharan\G
-Project\RNT_Tour\fronte
nd\.next\server\chunks\9
99.js:115:17864)
    at z (D:\Hariharan\G
-Project\RNT_Tour\fronte
nd\.next\server\chunks\9
99.js:115:18175)
    at em (D:\Hariharan\
G-Project\RNT_Tour\front
end\node_modules\next\di
st\compiled\next-server\
app-page.runtime.prod.js
:12:131226)
    at D:\Hariharan\G-Pr
oject\RNT_Tour\frontend\
node_modules\next\dist\c
ompiled\next-server\app-
page.runtime.prod.js:12:
142926
    at Array.toJSON (D:\
Hariharan\G-Project\RNT_
Tour\frontend\node_modul
es\next\dist\compiled\ne
xt-server\app-page.runti
me.prod.js:12:146504)
    at stringify 
(<anonymous>)
    at eR (D:\Hariharan\
G-Project\RNT_Tour\front
end\node_modules\next\di
st\compiled\next-server\
app-page.runtime.prod.js
:12:134889)
    at eP (D:\Hariharan\
G-Project\RNT_Tour\front
end\node_modules\next\di
st\compiled\next-server\
app-page.runtime.prod.js
:12:135332) {
  description: "Page 
couldn't be rendered 
statically because it 
used `headers`. See 
more info here: https://
nextjs.org/docs/messages
/dynamic-server-error",
  digest: 
'DYNAMIC_SERVER_USAGE'
}
Failed to fetch initial 
theme: i [Error]: 
Dynamic server usage: 
Page couldn't be 
rendered statically 
because it used 
`headers`. See more 
info here: https://nextj
s.org/docs/messages/dyna
mic-server-error
    at c (D:\Hariharan\G
-Project\RNT_Tour\fronte
nd\.next\server\chunks\1
527.js:101:110790)
    at u (D:\Hariharan\G
-Project\RNT_Tour\fronte
nd\.next\server\chunks\1
527.js:101:105272)
    at L (D:\Hariharan\G
-Project\RNT_Tour\fronte
nd\.next\server\chunks\9
99.js:115:17864)
    at z (D:\Hariharan\G
-Project\RNT_Tour\fronte
nd\.next\server\chunks\9
99.js:115:18175)
    at em (D:\Hariharan\
G-Project\RNT_Tour\front
end\node_modules\next\di
st\compiled\next-server\
app-page.runtime.prod.js
:12:131226)
    at D:\Hariharan\G-Pr
oject\RNT_Tour\frontend\
node_modules\next\dist\c
ompiled\next-server\app-
page.runtime.prod.js:12:
142926
    at Array.toJSON (D:\
Hariharan\G-Project\RNT_
Tour\frontend\node_modul
es\next\dist\compiled\ne
xt-server\app-page.runti
me.prod.js:12:146504)
    at stringify 
(<anonymous>)
    at eR (D:\Hariharan\
G-Project\RNT_Tour\front
end\node_modules\next\di
st\compiled\next-server\
app-page.runtime.prod.js
:12:134889)
    at eP (D:\Hariharan\
G-Project\RNT_Tour\front
end\node_modules\next\di
st\compiled\next-server\
app-page.runtime.prod.js
:12:135332) {
  description: "Page 
couldn't be rendered 
statically because it 
used `headers`. See 
more info here: https://
nextjs.org/docs/messages
/dynamic-server-error",
  digest: 
'DYNAMIC_SERVER_USAGE'
}
 Γ¿» useSearchParams() 
should be wrapped in a 
suspense boundary at 
page 
"/admin/dashboard". 
Read more: https://nextj
s.org/docs/messages/miss
ing-suspense-with-csr-ba
ilout

Error occurred 
prerendering page 
"/admin/dashboard". 
Read more: https://nextj
s.org/docs/messages/prer
ender-error

Failed to fetch initial 
theme: i [Error]: 
Dynamic server usage: 
Page couldn't be 
rendered statically 
because it used 
`headers`. See more 
info here: https://nextj
s.org/docs/messages/dyna
mic-server-error
    at c (D:\Hariharan\G
-Project\RNT_Tour\fronte
nd\.next\server\chunks\1
527.js:101:110790)
    at u (D:\Hariharan\G
-Project\RNT_Tour\fronte
nd\.next\server\chunks\1
527.js:101:105272)
    at L (D:\Hariharan\G
-Project\RNT_Tour\fronte
nd\.next\server\chunks\9
99.js:115:17864)
    at z (D:\Hariharan\G
-Project\RNT_Tour\fronte
nd\.next\server\chunks\9
99.js:115:18175)
    at em (D:\Hariharan\
G-Project\RNT_Tour\front
end\node_modules\next\di
st\compiled\next-server\
app-page.runtime.prod.js
:12:131226)
    at D:\Hariharan\G-Pr
oject\RNT_Tour\frontend\
node_modules\next\dist\c
ompiled\next-server\app-
page.runtime.prod.js:12:
142926
    at Array.toJSON (D:\
Hariharan\G-Project\RNT_
Tour\frontend\node_modul
es\next\dist\compiled\ne
xt-server\app-page.runti
me.prod.js:12:146504)
    at stringify 
(<anonymous>)
    at eR (D:\Hariharan\
G-Project\RNT_Tour\front
end\node_modules\next\di
st\compiled\next-server\
app-page.runtime.prod.js
:12:134889)
    at eP (D:\Hariharan\
G-Project\RNT_Tour\front
end\node_modules\next\di
st\compiled\next-server\
app-page.runtime.prod.js
:12:135332) {
  description: "Page 
couldn't be rendered 
statically because it 
used `headers`. See 
more info here: https://
nextjs.org/docs/messages
/dynamic-server-error",
  digest: 
'DYNAMIC_SERVER_USAGE'
}
Failed to fetch initial 
theme: i [Error]: 
Dynamic server usage: 
Page couldn't be 
rendered statically 
because it used 
`headers`. See more 
info here: https://nextj
s.org/docs/messages/dyna
mic-server-error
    at c (D:\Hariharan\G
-Project\RNT_Tour\fronte
nd\.next\server\chunks\1
527.js:101:110790)
    at u (D:\Hariharan\G
-Project\RNT_Tour\fronte
nd\.next\server\chunks\1
527.js:101:105272)
    at L (D:\Hariharan\G
-Project\RNT_Tour\fronte
nd\.next\server\chunks\9
99.js:115:17864)
    at z (D:\Hariharan\G
-Project\RNT_Tour\fronte
nd\.next\server\chunks\9
99.js:115:18175)
    at em (D:\Hariharan\
G-Project\RNT_Tour\front
end\node_modules\next\di
st\compiled\next-server\
app-page.runtime.prod.js
:12:131226)
    at D:\Hariharan\G-Pr
oject\RNT_Tour\frontend\
node_modules\next\dist\c
ompiled\next-server\app-
page.runtime.prod.js:12:
142926
    at Array.toJSON (D:\
Hariharan\G-Project\RNT_
Tour\frontend\node_modul
es\next\dist\compiled\ne
xt-server\app-page.runti
me.prod.js:12:146504)
    at stringify 
(<anonymous>)
    at eR (D:\Hariharan\
G-Project\RNT_Tour\front
end\node_modules\next\di
st\compiled\next-server\
app-page.runtime.prod.js
:12:134889)
    at eP (D:\Hariharan\
G-Project\RNT_Tour\front
end\node_modules\next\di
st\compiled\next-server\
app-page.runtime.prod.js
:12:135332) {
  description: "Page 
couldn't be rendered 
statically because it 
used `headers`. See 
more info here: https://
nextjs.org/docs/messages
/dynamic-server-error",
  digest: 
'DYNAMIC_SERVER_USAGE'
}
 Γ¿» useSearchParams() 
should be wrapped in a 
suspense boundary at 
page "/admin/reports". 
Read more: https://nextj
s.org/docs/messages/miss
ing-suspense-with-csr-ba
ilout

Error occurred 
prerendering page 
"/admin/reports". Read 
more: https://nextjs.org
/docs/messages/prerender
-error

Failed to fetch initial 
theme: i [Error]: 
Dynamic server usage: 
Page couldn't be 
rendered statically 
because it used 
`headers`. See more 
info here: https://nextj
s.org/docs/messages/dyna
mic-server-error
    at c (D:\Hariharan\G
-Project\RNT_Tour\fronte
nd\.next\server\chunks\1
527.js:101:110790)
    at u (D:\Hariharan\G
-Project\RNT_Tour\fronte
nd\.next\server\chunks\1
527.js:101:105272)
    at L (D:\Hariharan\G
-Project\RNT_Tour\fronte
nd\.next\server\chunks\9
99.js:115:17864)
    at z (D:\Hariharan\G
-Project\RNT_Tour\fronte
nd\.next\server\chunks\9
99.js:115:18175)
    at em (D:\Hariharan\
G-Project\RNT_Tour\front
end\node_modules\next\di
st\compiled\next-server\
app-page.runtime.prod.js
:12:131226)
    at D:\Hariharan\G-Pr
oject\RNT_Tour\frontend\
node_modules\next\dist\c
ompiled\next-server\app-
page.runtime.prod.js:12:
142926
    at Array.toJSON (D:\
Hariharan\G-Project\RNT_
Tour\frontend\node_modul
es\next\dist\compiled\ne
xt-server\app-page.runti
me.prod.js:12:146504)
    at stringify 
(<anonymous>)
    at eR (D:\Hariharan\
G-Project\RNT_Tour\front
end\node_modules\next\di
st\compiled\next-server\
app-page.runtime.prod.js
:12:134889)
    at eP (D:\Hariharan\
G-Project\RNT_Tour\front
end\node_modules\next\di
st\compiled\next-server\
app-page.runtime.prod.js
:12:135332) {
  description: "Page 
couldn't be rendered 
statically because it 
used `headers`. See 
more info here: https://
nextjs.org/docs/messages
/dynamic-server-error",
  digest: 
'DYNAMIC_SERVER_USAGE'
}
Failed to fetch initial 
theme: i [Error]: 
Dynamic server usage: 
Page couldn't be 
rendered statically 
because it used 
`headers`. See more 
info here: https://nextj
s.org/docs/messages/dyna
mic-server-error
    at c (D:\Hariharan\G
-Project\RNT_Tour\fronte
nd\.next\server\chunks\1
527.js:101:110790)
    at u (D:\Hariharan\G
-Project\RNT_Tour\fronte
nd\.next\server\chunks\1
527.js:101:105272)
    at L (D:\Hariharan\G
-Project\RNT_Tour\fronte
nd\.next\server\chunks\9
99.js:115:17864)
    at z (D:\Hariharan\G
-Project\RNT_Tour\fronte
nd\.next\server\chunks\9
99.js:115:18175)
    at em (D:\Hariharan\
G-Project\RNT_Tour\front
end\node_modules\next\di
st\compiled\next-server\
app-page.runtime.prod.js
:12:131226)
    at D:\Hariharan\G-Pr
oject\RNT_Tour\frontend\
node_modules\next\dist\c
ompiled\next-server\app-
page.runtime.prod.js:12:
142926
    at Array.toJSON (D:\
Hariharan\G-Project\RNT_
Tour\frontend\node_modul
es\next\dist\compiled\ne
xt-server\app-page.runti
me.prod.js:12:146504)
    at stringify 
(<anonymous>)
    at eR (D:\Hariharan\
G-Project\RNT_Tour\front
end\node_modules\next\di
st\compiled\next-server\
app-page.runtime.prod.js
:12:134889)
    at eP (D:\Hariharan\
G-Project\RNT_Tour\front
end\node_modules\next\di
st\compiled\next-server\
app-page.runtime.prod.js
:12:135332) {
  description: "Page 
couldn't be rendered 
statically because it 
used `headers`. See 
more info here: https://
nextjs.org/docs/messages
/dynamic-server-error",
  digest: 
'DYNAMIC_SERVER_USAGE'
}
 Γ¿» useSearchParams() 
should be wrapped in a 
suspense boundary at 
page "/settings". Read 
more: https://nextjs.org
/docs/messages/missing-s
uspense-with-csr-bailout

Error occurred 
prerendering page 
"/settings". Read more: 
https://nextjs.org/docs/
messages/prerender-error

Failed to fetch initial 
theme: i [Error]: 
Dynamic server usage: 
Page couldn't be 
rendered statically 
because it used 
`headers`. See more 
info here: https://nextj
s.org/docs/messages/dyna
mic-server-error
    at c (D:\Hariharan\G
-Project\RNT_Tour\fronte
nd\.next\server\chunks\1
527.js:101:110790)
    at u (D:\Hariharan\G
-Project\RNT_Tour\fronte
nd\.next\server\chunks\1
527.js:101:105272)
    at L (D:\Hariharan\G
-Project\RNT_Tour\fronte
nd\.next\server\chunks\9
99.js:115:17864)
    at z (D:\Hariharan\G
-Project\RNT_Tour\fronte
nd\.next\server\chunks\9
99.js:115:18175)
    at em (D:\Hariharan\
G-Project\RNT_Tour\front
end\node_modules\next\di
st\compiled\next-server\
app-page.runtime.prod.js
:12:131226)
    at D:\Hariharan\G-Pr
oject\RNT_Tour\frontend\
node_modules\next\dist\c
ompiled\next-server\app-
page.runtime.prod.js:12:
142926
    at Array.toJSON (D:\
Hariharan\G-Project\RNT_
Tour\frontend\node_modul
es\next\dist\compiled\ne
xt-server\app-page.runti
me.prod.js:12:146504)
    at stringify 
(<anonymous>)
    at eR (D:\Hariharan\
G-Project\RNT_Tour\front
end\node_modules\next\di
st\compiled\next-server\
app-page.runtime.prod.js
:12:134889)
    at eP (D:\Hariharan\
G-Project\RNT_Tour\front
end\node_modules\next\di
st\compiled\next-server\
app-page.runtime.prod.js
:12:135332) {
  description: "Page 
couldn't be rendered 
statically because it 
used `headers`. See 
more info here: https://
nextjs.org/docs/messages
/dynamic-server-error",
  digest: 
'DYNAMIC_SERVER_USAGE'
}
Failed to fetch initial 
theme: i [Error]: 
Dynamic server usage: 
Page couldn't be 
rendered statically 
because it used 
`headers`. See more 
info here: https://nextj
s.org/docs/messages/dyna
mic-server-error
    at c (D:\Hariharan\G
-Project\RNT_Tour\fronte
nd\.next\server\chunks\1
527.js:101:110790)
    at u (D:\Hariharan\G
-Project\RNT_Tour\fronte
nd\.next\server\chunks\1
527.js:101:105272)
    at L (D:\Hariharan\G
-Project\RNT_Tour\fronte
nd\.next\server\chunks\9
99.js:115:17864)
    at z (D:\Hariharan\G
-Project\RNT_Tour\fronte
nd\.next\server\chunks\9
99.js:115:18175)
    at em (D:\Hariharan\
G-Project\RNT_Tour\front
end\node_modules\next\di
st\compiled\next-server\
app-page.runtime.prod.js
:12:131226)
    at D:\Hariharan\G-Pr
oject\RNT_Tour\frontend\
node_modules\next\dist\c
ompiled\next-server\app-
page.runtime.prod.js:12:
142926
    at Array.toJSON (D:\
Hariharan\G-Project\RNT_
Tour\frontend\node_modul
es\next\dist\compiled\ne
xt-server\app-page.runti
me.prod.js:12:146504)
    at stringify 
(<anonymous>)
    at eR (D:\Hariharan\
G-Project\RNT_Tour\front
end\node_modules\next\di
st\compiled\next-server\
app-page.runtime.prod.js
:12:134889)
    at eP (D:\Hariharan\
G-Project\RNT_Tour\front
end\node_modules\next\di
st\compiled\next-server\
app-page.runtime.prod.js
:12:135332) {
  description: "Page 
couldn't be rendered 
statically because it 
used `headers`. See 
more info here: https://
nextjs.org/docs/messages
/dynamic-server-error",
  digest: 
'DYNAMIC_SERVER_USAGE'
}
 Γ¿» useSearchParams() 
should be wrapped in a 
suspense boundary at 
page 
"/admin/packages/new". 
Read more: https://nextj
s.org/docs/messages/miss
ing-suspense-with-csr-ba
ilout

Error occurred 
prerendering page 
"/admin/packages/new". 
Read more: https://nextj
s.org/docs/messages/prer
ender-error

Failed to fetch initial 
theme: i [Error]: 
Dynamic server usage: 
Page couldn't be 
rendered statically 
because it used 
`headers`. See more 
info here: https://nextj
s.org/docs/messages/dyna
mic-server-error
    at c (D:\Hariharan\G
-Project\RNT_Tour\fronte
nd\.next\server\chunks\1
527.js:101:110790)
    at u (D:\Hariharan\G
-Project\RNT_Tour\fronte
nd\.next\server\chunks\1
527.js:101:105272)
    at L (D:\Hariharan\G
-Project\RNT_Tour\fronte
nd\.next\server\chunks\9
99.js:115:17864)
    at z (D:\Hariharan\G
-Project\RNT_Tour\fronte
nd\.next\server\chunks\9
99.js:115:18175)
    at em (D:\Hariharan\
G-Project\RNT_Tour\front
end\node_modules\next\di
st\compiled\next-server\
app-page.runtime.prod.js
:12:131226)
    at D:\Hariharan\G-Pr
oject\RNT_Tour\frontend\
node_modules\next\dist\c
ompiled\next-server\app-
page.runtime.prod.js:12:
142926
    at Array.toJSON (D:\
Hariharan\G-Project\RNT_
Tour\frontend\node_modul
es\next\dist\compiled\ne
xt-server\app-page.runti
me.prod.js:12:146504)
    at stringify 
(<anonymous>)
    at eR (D:\Hariharan\
G-Project\RNT_Tour\front
end\node_modules\next\di
st\compiled\next-server\
app-page.runtime.prod.js
:12:134889)
    at eP (D:\Hariharan\
G-Project\RNT_Tour\front
end\node_modules\next\di
st\compiled\next-server\
app-page.runtime.prod.js
:12:135332) {

  description: "Page 
couldn't be rendered 
statically because it 
used `headers`. See 
more info here: https://
nextjs.org/docs/messages
/dynamic-server-error",
  digest: 
'DYNAMIC_SERVER_USAGE'
}
Failed to fetch initial 
theme: i [Error]: 
Dynamic server usage: 
Page couldn't be 
rendered statically 
because it used 
`headers`. See more 
info here: https://nextj
s.org/docs/messages/dyna
mic-server-error
    at c (D:\Hariharan\G
-Project\RNT_Tour\fronte
nd\.next\server\chunks\1
527.js:101:110790)
    at u (D:\Hariharan\G
-Project\RNT_Tour\fronte
nd\.next\server\chunks\1
527.js:101:105272)
    at L (D:\Hariharan\G
-Project\RNT_Tour\fronte
nd\.next\server\chunks\9
99.js:115:17864)
    at z (D:\Hariharan\G
-Project\RNT_Tour\fronte
nd\.next\server\chunks\9
99.js:115:18175)
    at em (D:\Hariharan\
G-Project\RNT_Tour\front
end\node_modules\next\di
st\compiled\next-server\
app-page.runtime.prod.js
:12:131226)
    at D:\Hariharan\G-Pr
oject\RNT_Tour\frontend\
node_modules\next\dist\c
ompiled\next-server\app-
page.runtime.prod.js:12:
142926
    at Array.toJSON (D:\
Hariharan\G-Project\RNT_
Tour\frontend\node_modul
es\next\dist\compiled\ne
xt-server\app-page.runti
me.prod.js:12:146504)
    at stringify 
(<anonymous>)
    at eR (D:\Hariharan\
G-Project\RNT_Tour\front
end\node_modules\next\di
st\compiled\next-server\
app-page.runtime.prod.js
:12:134889)
    at eP (D:\Hariharan\
G-Project\RNT_Tour\front
end\node_modules\next\di
st\compiled\next-server\
app-page.runtime.prod.js
:12:135332) {
  description: "Page 
couldn't be rendered 
statically because it 
used `headers`. See 
more info here: https://
nextjs.org/docs/messages
/dynamic-server-error",
  digest: 
'DYNAMIC_SERVER_USAGE'
}
 Γ¿» useSearchParams() 
should be wrapped in a 
suspense boundary at 
page "/unauthorized". 
Read more: https://nextj
s.org/docs/messages/miss
ing-suspense-with-csr-ba
ilout

Error occurred 
prerendering page 
"/unauthorized". Read 
more: https://nextjs.org
/docs/messages/prerender
-error




   Generating static pages (26/35) 


Failed to fetch initial 
theme: i [Error]: 
Dynamic server usage: 
Page couldn't be 
rendered statically 
because it used 
`headers`. See more 
info here: https://nextj
s.org/docs/messages/dyna
mic-server-error
    at c (D:\Hariharan\G
-Project\RNT_Tour\fronte
nd\.next\server\chunks\1
527.js:101:110790)
    at u (D:\Hariharan\G
-Project\RNT_Tour\fronte
nd\.next\server\chunks\1
527.js:101:105272)
    at L (D:\Hariharan\G
-Project\RNT_Tour\fronte
nd\.next\server\chunks\9
99.js:115:17864)
    at z (D:\Hariharan\G
-Project\RNT_Tour\fronte
nd\.next\server\chunks\9
99.js:115:18175)
    at em (D:\Hariharan\
G-Project\RNT_Tour\front
end\node_modules\next\di
st\compiled\next-server\
app-page.runtime.prod.js
:12:131226)
    at D:\Hariharan\G-Pr
oject\RNT_Tour\frontend\
node_modules\next\dist\c
ompiled\next-server\app-
page.runtime.prod.js:12:
142926
    at Array.toJSON (D:\
Hariharan\G-Project\RNT_
Tour\frontend\node_modul
es\next\dist\compiled\ne
xt-server\app-page.runti
me.prod.js:12:146504)
    at stringify 
(<anonymous>)
    at eR (D:\Hariharan\
G-Project\RNT_Tour\front
end\node_modules\next\di
st\compiled\next-server\
app-page.runtime.prod.js
:12:134889)
    at eP (D:\Hariharan\
G-Project\RNT_Tour\front
end\node_modules\next\di
st\compiled\next-server\
app-page.runtime.prod.js
:12:135332) {
  description: "Page 
couldn't be rendered 
statically because it 
used `headers`. See 
more info here: https://
nextjs.org/docs/messages
/dynamic-server-error",
  digest: 
'DYNAMIC_SERVER_USAGE'
}
Failed to fetch initial 
theme: i [Error]: 
Dynamic server usage: 
Page couldn't be 
rendered statically 
because it used 
`headers`. See more 
info here: https://nextj
s.org/docs/messages/dyna
mic-server-error
    at c (D:\Hariharan\G
-Project\RNT_Tour\fronte
nd\.next\server\chunks\1
527.js:101:110790)
    at u (D:\Hariharan\G
-Project\RNT_Tour\fronte
nd\.next\server\chunks\1
527.js:101:105272)
    at L (D:\Hariharan\G
-Project\RNT_Tour\fronte
nd\.next\server\chunks\9
99.js:115:17864)
    at z (D:\Hariharan\G
-Project\RNT_Tour\fronte
nd\.next\server\chunks\9
99.js:115:18175)
    at em (D:\Hariharan\
G-Project\RNT_Tour\front
end\node_modules\next\di
st\compiled\next-server\
app-page.runtime.prod.js
:12:131226)

    at D:\Hariharan\G-Pr
oject\RNT_Tour\frontend\
node_modules\next\dist\c
ompiled\next-server\app-
page.runtime.prod.js:12:
142926
    at Array.toJSON (D:\
Hariharan\G-Project\RNT_
Tour\frontend\node_modul
es\next\dist\compiled\ne
xt-server\app-page.runti
me.prod.js:12:146504)
    at stringify 
(<anonymous>)
    at eR (D:\Hariharan\
G-Project\RNT_Tour\front
end\node_modules\next\di
st\compiled\next-server\
app-page.runtime.prod.js
:12:134889)
    at eP (D:\Hariharan\
G-Project\RNT_Tour\front
end\node_modules\next\di
st\compiled\next-server\
app-page.runtime.prod.js
:12:135332) {
  description: "Page 
couldn't be rendered 
statically because it 
used `headers`. See 
more info here: https://
nextjs.org/docs/messages
/dynamic-server-error",
  digest: 
'DYNAMIC_SERVER_USAGE'
}
 Γ¿» useSearchParams() 
should be wrapped in a 
suspense boundary at 
page "/verify-otp". 
Read more: https://nextj
s.org/docs/messages/miss
ing-suspense-with-csr-ba
ilout

Error occurred 
prerendering page 
"/verify-otp". Read 
more: https://nextjs.org
/docs/messages/prerender
-error

Failed to fetch initial 
theme: i [Error]: 
Dynamic server usage: 
Page couldn't be 
rendered statically 
because it used 
`headers`. See more 
info here: https://nextj
s.org/docs/messages/dyna
mic-server-error
    at c (D:\Hariharan\G
-Project\RNT_Tour\fronte
nd\.next\server\chunks\1
527.js:101:110790)
    at u (D:\Hariharan\G
-Project\RNT_Tour\fronte
nd\.next\server\chunks\1
527.js:101:105272)
    at L (D:\Hariharan\G
-Project\RNT_Tour\fronte
nd\.next\server\chunks\9
99.js:115:17864)
    at z (D:\Hariharan\G
-Project\RNT_Tour\fronte
nd\.next\server\chunks\9
99.js:115:18175)
    at em (D:\Hariharan\
G-Project\RNT_Tour\front
end\node_modules\next\di
st\compiled\next-server\
app-page.runtime.prod.js
:12:131226)
    at D:\Hariharan\G-Pr
oject\RNT_Tour\frontend\
node_modules\next\dist\c
ompiled\next-server\app-
page.runtime.prod.js:12:
142926
    at Array.toJSON (D:\
Hariharan\G-Project\RNT_
Tour\frontend\node_modul
es\next\dist\compiled\ne
xt-server\app-page.runti
me.prod.js:12:146504)
    at stringify 
(<anonymous>)
    at eR (D:\Hariharan\
G-Project\RNT_Tour\front
end\node_modules\next\di
st\compiled\next-server\
app-page.runtime.prod.js
:12:134889)
    at eP (D:\Hariharan\
G-Project\RNT_Tour\front
end\node_modules\next\di
st\compiled\next-server\
app-page.runtime.prod.js
:12:135332) {
  description: "Page 
couldn't be rendered 
statically because it 
used `headers`. See 
more info here: https://
nextjs.org/docs/messages
/dynamic-server-error",
  digest: 
'DYNAMIC_SERVER_USAGE'
}
Failed to fetch initial 
theme: i [Error]: 
Dynamic server usage: 
Page couldn't be 
rendered statically 
because it used 
`headers`. See more 
info here: https://nextj
s.org/docs/messages/dyna
mic-server-error
    at c (D:\Hariharan\G
-Project\RNT_Tour\fronte
nd\.next\server\chunks\1
527.js:101:110790)
    at u (D:\Hariharan\G
-Project\RNT_Tour\fronte
nd\.next\server\chunks\1
527.js:101:105272)
    at L (D:\Hariharan\G
-Project\RNT_Tour\fronte
nd\.next\server\chunks\9
99.js:115:17864)
    at z (D:\Hariharan\G
-Project\RNT_Tour\fronte
nd\.next\server\chunks\9
99.js:115:18175)
    at em (D:\Hariharan\
G-Project\RNT_Tour\front
end\node_modules\next\di
st\compiled\next-server\
app-page.runtime.prod.js
:12:131226)
    at D:\Hariharan\G-Pr
oject\RNT_Tour\frontend\
node_modules\next\dist\c
ompiled\next-server\app-
page.runtime.prod.js:12:
142926
    at Array.toJSON (D:\
Hariharan\G-Project\RNT_
Tour\frontend\node_modul
es\next\dist\compiled\ne
xt-server\app-page.runti
me.prod.js:12:146504)
    at stringify 
(<anonymous>)
    at eR (D:\Hariharan\
G-Project\RNT_Tour\front
end\node_modules\next\di
st\compiled\next-server\
app-page.runtime.prod.js
:12:134889)
    at eP (D:\Hariharan\
G-Project\RNT_Tour\front
end\node_modules\next\di
st\compiled\next-server\
app-page.runtime.prod.js
:12:135332) {
  description: "Page 
couldn't be rendered 
statically because it 
used `headers`. See 
more info here: https://
nextjs.org/docs/messages
/dynamic-server-error",
  digest: 
'DYNAMIC_SERVER_USAGE'
}
Failed to fetch initial 
theme: i [Error]: 
Dynamic server usage: 
Page couldn't be 
rendered statically 
because it used 
`headers`. See more 
info here: https://nextj
s.org/docs/messages/dyna
mic-server-error
    at c (D:\Hariharan\G
-Project\RNT_Tour\fronte
nd\.next\server\chunks\1
527.js:101:110790)
    at u (D:\Hariharan\G
-Project\RNT_Tour\fronte
nd\.next\server\chunks\1
527.js:101:105272)
    at L (D:\Hariharan\G
-Project\RNT_Tour\fronte
nd\.next\server\chunks\9
99.js:115:17864)
    at z (D:\Hariharan\G
-Project\RNT_Tour\fronte
nd\.next\server\chunks\9
99.js:115:18175)
    at em (D:\Hariharan\
G-Project\RNT_Tour\front
end\node_modules\next\di
st\compiled\next-server\
app-page.runtime.prod.js
:12:131226)
    at D:\Hariharan\G-Pr
oject\RNT_Tour\frontend\
node_modules\next\dist\c
ompiled\next-server\app-
page.runtime.prod.js:12:
142926
    at Array.toJSON (D:\
Hariharan\G-Project\RNT_
Tour\frontend\node_modul
es\next\dist\compiled\ne
xt-server\app-page.runti
me.prod.js:12:146504)
    at stringify 
(<anonymous>)
    at eR (D:\Hariharan\
G-Project\RNT_Tour\front
end\node_modules\next\di
st\compiled\next-server\
app-page.runtime.prod.js
:12:134889)
    at eP (D:\Hariharan\
G-Project\RNT_Tour\front
end\node_modules\next\di
st\compiled\next-server\
app-page.runtime.prod.js
:12:135332) {
  description: "Page 
couldn't be rendered 
statically because it 
used `headers`. See 
more info here: https://
nextjs.org/docs/messages
/dynamic-server-error",
  digest: 
'DYNAMIC_SERVER_USAGE'
}
Failed to fetch initial 
theme: i [Error]: 
Dynamic server usage: 
Page couldn't be 
rendered statically 
because it used 
`headers`. See more 
info here: https://nextj
s.org/docs/messages/dyna
mic-server-error
    at c (D:\Hariharan\G
-Project\RNT_Tour\fronte
nd\.next\server\chunks\1
527.js:101:110790)
    at u (D:\Hariharan\G
-Project\RNT_Tour\fronte
nd\.next\server\chunks\1
527.js:101:105272)
    at L (D:\Hariharan\G
-Project\RNT_Tour\fronte
nd\.next\server\chunks\9
99.js:115:17864)
    at z (D:\Hariharan\G
-Project\RNT_Tour\fronte
nd\.next\server\chunks\9
99.js:115:18175)
    at em (D:\Hariharan\
G-Project\RNT_Tour\front
end\node_modules\next\di
st\compiled\next-server\
app-page.runtime.prod.js
:12:131226)
    at D:\Hariharan\G-Pr
oject\RNT_Tour\frontend\
node_modules\next\dist\c
ompiled\next-server\app-
page.runtime.prod.js:12:
142926
    at Array.toJSON (D:\
Hariharan\G-Project\RNT_
Tour\frontend\node_modul
es\next\dist\compiled\ne
xt-server\app-page.runti
me.prod.js:12:146504)
    at stringify 
(<anonymous>)
    at eR (D:\Hariharan\
G-Project\RNT_Tour\front
end\node_modules\next\di
st\compiled\next-server\
app-page.runtime.prod.js
:12:134889)
    at eP (D:\Hariharan\
G-Project\RNT_Tour\front
end\node_modules\next\di
st\compiled\next-server\
app-page.runtime.prod.js
:12:135332) {
  description: "Page 
couldn't be rendered 
statically because it 
used `headers`. See 
more info here: https://
nextjs.org/docs/messages
/dynamic-server-error",
  digest: 
'DYNAMIC_SERVER_USAGE'
}
 Γ¿» useSearchParams() 
should be wrapped in a 
suspense boundary at 
page "/saved-trips". 
Read more: https://nextj
s.org/docs/messages/miss
ing-suspense-with-csr-ba
ilout

Error occurred 
prerendering page 
"/saved-trips". Read 
more: https://nextjs.org
/docs/messages/prerender
-error

Failed to fetch initial 
theme: i [Error]: 
Dynamic server usage: 
Page couldn't be 
rendered statically 
because it used 
`headers`. See more 
info here: https://nextj
s.org/docs/messages/dyna
mic-server-error
    at c (D:\Hariharan\G
-Project\RNT_Tour\fronte
nd\.next\server\chunks\1
527.js:101:110790)
    at u (D:\Hariharan\G
-Project\RNT_Tour\fronte
nd\.next\server\chunks\1
527.js:101:105272)
    at L (D:\Hariharan\G
-Project\RNT_Tour\fronte
nd\.next\server\chunks\9
99.js:115:17864)
    at z (D:\Hariharan\G
-Project\RNT_Tour\fronte
nd\.next\server\chunks\9
99.js:115:18175)
    at em (D:\Hariharan\
G-Project\RNT_Tour\front
end\node_modules\next\di
st\compiled\next-server\
app-page.runtime.prod.js
:12:131226)
    at D:\Hariharan\G-Pr
oject\RNT_Tour\frontend\
node_modules\next\dist\c
ompiled\next-server\app-
page.runtime.prod.js:12:
142926
    at Array.toJSON (D:\
Hariharan\G-Project\RNT_
Tour\frontend\node_modul
es\next\dist\compiled\ne
xt-server\app-page.runti
me.prod.js:12:146504)
    at stringify 
(<anonymous>)
    at eR (D:\Hariharan\
G-Project\RNT_Tour\front
end\node_modules\next\di
st\compiled\next-server\
app-page.runtime.prod.js
:12:134889)
    at eP (D:\Hariharan\
G-Project\RNT_Tour\front
end\node_modules\next\di
st\compiled\next-server\
app-page.runtime.prod.js
:12:135332) {
  description: "Page 
couldn't be rendered 
statically because it 
used `headers`. See 
more info here: https://
nextjs.org/docs/messages
/dynamic-server-error",
  digest: 
'DYNAMIC_SERVER_USAGE'
}
Failed to fetch initial 
theme: i [Error]: 
Dynamic server usage: 
Page couldn't be 
rendered statically 
because it used 
`headers`. See more 
info here: https://nextj
s.org/docs/messages/dyna
mic-server-error
    at c (D:\Hariharan\G
-Project\RNT_Tour\fronte
nd\.next\server\chunks\1
527.js:101:110790)
    at u (D:\Hariharan\G
-Project\RNT_Tour\fronte
nd\.next\server\chunks\1
527.js:101:105272)
    at L (D:\Hariharan\G
-Project\RNT_Tour\fronte
nd\.next\server\chunks\9
99.js:115:17864)
    at z (D:\Hariharan\G
-Project\RNT_Tour\fronte
nd\.next\server\chunks\9
99.js:115:18175)
    at em (D:\Hariharan\
G-Project\RNT_Tour\front
end\node_modules\next\di
st\compiled\next-server\
app-page.runtime.prod.js
:12:131226)
    at D:\Hariharan\G-Pr
oject\RNT_Tour\frontend\
node_modules\next\dist\c
ompiled\next-server\app-
page.runtime.prod.js:12:
142926
    at Array.toJSON (D:\
Hariharan\G-Project\RNT_
Tour\frontend\node_modul
es\next\dist\compiled\ne
xt-server\app-page.runti
me.prod.js:12:146504)
    at stringify 
(<anonymous>)
    at eR (D:\Hariharan\
G-Project\RNT_Tour\front
end\node_modules\next\di
st\compiled\next-server\
app-page.runtime.prod.js
:12:134889)
    at eP (D:\Hariharan\
G-Project\RNT_Tour\front
end\node_modules\next\di
st\compiled\next-server\
app-page.runtime.prod.js
:12:135332) {
  description: "Page 
couldn't be rendered 
statically because it 
used `headers`. See 
more info here: https://
nextjs.org/docs/messages
/dynamic-server-error",
  digest: 
'DYNAMIC_SERVER_USAGE'
}
 Γ¿» useSearchParams() 
should be wrapped in a 
suspense boundary at 
page "/plan-trip". Read 
more: https://nextjs.org
/docs/messages/missing-s
uspense-with-csr-bailout

Error occurred 
prerendering page 
"/plan-trip". Read 
more: https://nextjs.org
/docs/messages/prerender
-error

Failed to fetch initial 
theme: i [Error]: 
Dynamic server usage: 
Page couldn't be 
rendered statically 
because it used 
`headers`. See more 
info here: https://nextj
s.org/docs/messages/dyna
mic-server-error
    at c (D:\Hariharan\G
-Project\RNT_Tour\fronte
nd\.next\server\chunks\1
527.js:101:110790)
    at u (D:\Hariharan\G
-Project\RNT_Tour\fronte
nd\.next\server\chunks\1
527.js:101:105272)
    at L (D:\Hariharan\G
-Project\RNT_Tour\fronte
nd\.next\server\chunks\9
99.js:115:17864)
    at z (D:\Hariharan\G
-Project\RNT_Tour\fronte
nd\.next\server\chunks\9
99.js:115:18175)
    at em (D:\Hariharan\
G-Project\RNT_Tour\front
end\node_modules\next\di
st\compiled\next-server\
app-page.runtime.prod.js
:12:131226)
    at D:\Hariharan\G-Pr
oject\RNT_Tour\frontend\
node_modules\next\dist\c
ompiled\next-server\app-
page.runtime.prod.js:12:
142926
    at Array.toJSON (D:\
Hariharan\G-Project\RNT_
Tour\frontend\node_modul
es\next\dist\compiled\ne
xt-server\app-page.runti
me.prod.js:12:146504)
    at stringify 
(<anonymous>)
    at eR (D:\Hariharan\
G-Project\RNT_Tour\front
end\node_modules\next\di
st\compiled\next-server\
app-page.runtime.prod.js
:12:134889)
    at eP (D:\Hariharan\
G-Project\RNT_Tour\front
end\node_modules\next\di
st\compiled\next-server\
app-page.runtime.prod.js
:12:135332) {
  description: "Page 
couldn't be rendered 
statically because it 
used `headers`. See 
more info here: https://
nextjs.org/docs/messages
/dynamic-server-error",
  digest: 
'DYNAMIC_SERVER_USAGE'
}
Failed to fetch initial 
theme: i [Error]: 
Dynamic server usage: 
Page couldn't be 
rendered statically 
because it used 
`headers`. See more 
info here: https://nextj
s.org/docs/messages/dyna
mic-server-error
    at c (D:\Hariharan\G
-Project\RNT_Tour\fronte
nd\.next\server\chunks\1
527.js:101:110790)
    at u (D:\Hariharan\G
-Project\RNT_Tour\fronte
nd\.next\server\chunks\1
527.js:101:105272)
    at L (D:\Hariharan\G
-Project\RNT_Tour\fronte
nd\.next\server\chunks\9
99.js:115:17864)
    at z (D:\Hariharan\G
-Project\RNT_Tour\fronte
nd\.next\server\chunks\9
99.js:115:18175)
    at em (D:\Hariharan\
G-Project\RNT_Tour\front
end\node_modules\next\di
st\compiled\next-server\
app-page.runtime.prod.js
:12:131226)
    at D:\Hariharan\G-Pr
oject\RNT_Tour\frontend\
node_modules\next\dist\c
ompiled\next-server\app-
page.runtime.prod.js:12:
142926
    at Array.toJSON (D:\
Hariharan\G-Project\RNT_
Tour\frontend\node_modul
es\next\dist\compiled\ne
xt-server\app-page.runti
me.prod.js:12:146504)
    at stringify 
(<anonymous>)
    at eR (D:\Hariharan\
G-Project\RNT_Tour\front
end\node_modules\next\di
st\compiled\next-server\
app-page.runtime.prod.js
:12:134889)
    at eP (D:\Hariharan\
G-Project\RNT_Tour\front
end\node_modules\next\di
st\compiled\next-server\
app-page.runtime.prod.js
:12:135332) {
  description: "Page 
couldn't be rendered 
statically because it 
used `headers`. See 
more info here: https://
nextjs.org/docs/messages
/dynamic-server-error",
  digest: 
'DYNAMIC_SERVER_USAGE'
}



 Γ¿» useSearchParams() 
should be wrapped in a 
suspense boundary at 
page "/". Read more: htt
ps://nextjs.org/docs/mes
sages/missing-suspense-w
ith-csr-bailout

Error occurred 
prerendering page "/". 
Read more: https://nextj
s.org/docs/messages/prer
ender-error

Failed to fetch initial 
theme: i [Error]: 
Dynamic server usage: 
Page couldn't be 
rendered statically 
because it used 
`headers`. See more 
info here: https://nextj
s.org/docs/messages/dyna
mic-server-error
    at c (D:\Hariharan\G
-Project\RNT_Tour\fronte
nd\.next\server\chunks\1
527.js:101:110790)
    at u (D:\Hariharan\G
-Project\RNT_Tour\fronte
nd\.next\server\chunks\1
527.js:101:105272)
    at L (D:\Hariharan\G
-Project\RNT_Tour\fronte
nd\.next\server\chunks\9
99.js:115:17864)
    at z (D:\Hariharan\G
-Project\RNT_Tour\fronte
nd\.next\server\chunks\9
99.js:115:18175)
    at em (D:\Hariharan\
G-Project\RNT_Tour\front
end\node_modules\next\di
st\compiled\next-server\
app-page.runtime.prod.js
:12:131226)
    at D:\Hariharan\G-Pr
oject\RNT_Tour\frontend\
node_modules\next\dist\c
ompiled\next-server\app-
page.runtime.prod.js:12:
142926
    at Array.toJSON (D:\
Hariharan\G-Project\RNT_
Tour\frontend\node_modul
es\next\dist\compiled\ne
xt-server\app-page.runti
me.prod.js:12:146504)
    at stringify 
(<anonymous>)
    at eR (D:\Hariharan\
G-Project\RNT_Tour\front
end\node_modules\next\di
st\compiled\next-server\
app-page.runtime.prod.js
:12:134889)
    at eP (D:\Hariharan\
G-Project\RNT_Tour\front
end\node_modules\next\di
st\compiled\next-server\
app-page.runtime.prod.js
:12:135332) {
  description: "Page 
couldn't be rendered 
statically because it 
used `headers`. See 
more info here: https://
nextjs.org/docs/messages
/dynamic-server-error",
  digest: 
'DYNAMIC_SERVER_USAGE'
}
Failed to fetch initial 
theme: i [Error]: 
Dynamic server usage: 
Page couldn't be 
rendered statically 
because it used 
`headers`. See more 
info here: https://nextj
s.org/docs/messages/dyna
mic-server-error
    at c (D:\Hariharan\G
-Project\RNT_Tour\fronte
nd\.next\server\chunks\1
527.js:101:110790)
    at u (D:\Hariharan\G
-Project\RNT_Tour\fronte
nd\.next\server\chunks\1
527.js:101:105272)
    at L (D:\Hariharan\G
-Project\RNT_Tour\fronte
nd\.next\server\chunks\9
99.js:115:17864)
    at z (D:\Hariharan\G
-Project\RNT_Tour\fronte
nd\.next\server\chunks\9
99.js:115:18175)
    at em (D:\Hariharan\
G-Project\RNT_Tour\front
end\node_modules\next\di
st\compiled\next-server\
app-page.runtime.prod.js
:12:131226)
    at D:\Hariharan\G-Pr
oject\RNT_Tour\frontend\
node_modules\next\dist\c
ompiled\next-server\app-
page.runtime.prod.js:12:
142926
    at Array.toJSON (D:\
Hariharan\G-Project\RNT_
Tour\frontend\node_modul
es\next\dist\compiled\ne
xt-server\app-page.runti
me.prod.js:12:146504)
    at stringify 
(<anonymous>)
    at eR (D:\Hariharan\
G-Project\RNT_Tour\front
end\node_modules\next\di
st\compiled\next-server\
app-page.runtime.prod.js
:12:134889)
    at eP (D:\Hariharan\
G-Project\RNT_Tour\front
end\node_modules\next\di
st\compiled\next-server\
app-page.runtime.prod.js
:12:135332) {
  description: "Page 
couldn't be rendered 
statically because it 
used `headers`. See 
more info here: https://
nextjs.org/docs/messages
/dynamic-server-error",
  digest: 
'DYNAMIC_SERVER_USAGE'
}
Failed to fetch initial 
theme: i [Error]: 
Dynamic server usage: 
Page couldn't be 
rendered statically 
because it used 
`headers`. See more 
info here: https://nextj
s.org/docs/messages/dyna
mic-server-error
    at c (D:\Hariharan\G
-Project\RNT_Tour\fronte
nd\.next\server\chunks\1
527.js:101:110790)
    at u (D:\Hariharan\G
-Project\RNT_Tour\fronte
nd\.next\server\chunks\1
527.js:101:105272)
    at L (D:\Hariharan\G
-Project\RNT_Tour\fronte
nd\.next\server\chunks\9
99.js:115:17864)
    at z (D:\Hariharan\G
-Project\RNT_Tour\fronte
nd\.next\server\chunks\9
99.js:115:18175)
    at em (D:\Hariharan\
G-Project\RNT_Tour\front
end\node_modules\next\di
st\compiled\next-server\
app-page.runtime.prod.js
:12:131226)
    at D:\Hariharan\G-Pr
oject\RNT_Tour\frontend\
node_modules\next\dist\c
ompiled\next-server\app-
page.runtime.prod.js:12:
142926
    at Array.toJSON (D:\
Hariharan\G-Project\RNT_
Tour\frontend\node_modul
es\next\dist\compiled\ne
xt-server\app-page.runti
me.prod.js:12:146504)
    at stringify 
(<anonymous>)
    at eR (D:\Hariharan\
G-Project\RNT_Tour\front
end\node_modules\next\di
st\compiled\next-server\
app-page.runtime.prod.js
:12:134889)
    at eP (D:\Hariharan\
G-Project\RNT_Tour\front
end\node_modules\next\di
st\compiled\next-server\
app-page.runtime.prod.js
:12:135332) {
  description: "Page 
couldn't be rendered 
statically because it 
used `headers`. See 
more info here: https://
nextjs.org/docs/messages
/dynamic-server-error",
  digest: 
'DYNAMIC_SERVER_USAGE'
}
Failed to fetch initial 
theme: i [Error]: 
Dynamic server usage: 
Page couldn't be 
rendered statically 
because it used 
`headers`. See more 
info here: https://nextj
s.org/docs/messages/dyna
mic-server-error
    at c (D:\Hariharan\G
-Project\RNT_Tour\fronte
nd\.next\server\chunks\1
527.js:101:110790)
    at u (D:\Hariharan\G
-Project\RNT_Tour\fronte
nd\.next\server\chunks\1
527.js:101:105272)
    at L (D:\Hariharan\G
-Project\RNT_Tour\fronte
nd\.next\server\chunks\9
99.js:115:17864)
    at z (D:\Hariharan\G
-Project\RNT_Tour\fronte
nd\.next\server\chunks\9
99.js:115:18175)
    at em (D:\Hariharan\
G-Project\RNT_Tour\front
end\node_modules\next\di
st\compiled\next-server\
app-page.runtime.prod.js
:12:131226)
    at D:\Hariharan\G-Pr
oject\RNT_Tour\frontend\
node_modules\next\dist\c
ompiled\next-server\app-
page.runtime.prod.js:12:
142926
    at Array.toJSON (D:\
Hariharan\G-Project\RNT_
Tour\frontend\node_modul
es\next\dist\compiled\ne
xt-server\app-page.runti
me.prod.js:12:146504)
    at stringify 
(<anonymous>)
    at eR (D:\Hariharan\
G-Project\RNT_Tour\front
end\node_modules\next\di
st\compiled\next-server\
app-page.runtime.prod.js
:12:134889)
    at eP (D:\Hariharan\
G-Project\RNT_Tour\front
end\node_modules\next\di
st\compiled\next-server\
app-page.runtime.prod.js
:12:135332) {
  description: "Page 
couldn't be rendered 
statically because it 
used `headers`. See 
more info here: https://
nextjs.org/docs/messages
/dynamic-server-error",
  digest: 
'DYNAMIC_SERVER_USAGE'
}

 Γ¿» useSearchParams() 
should be wrapped in a 
suspense boundary at 
page "/checkout". Read 
more: https://nextjs.org
/docs/messages/missing-s
uspense-with-csr-bailout

Error occurred 
prerendering page 
"/checkout". Read more: 
https://nextjs.org/docs/
messages/prerender-error


 Γ¿» useSearchParams() 
should be wrapped in a 
suspense boundary at 
page "/register/agent". 
Read more: https://nextj
s.org/docs/messages/miss
ing-suspense-with-csr-ba
ilout

Error occurred 
prerendering page 
"/register/agent". Read 
more: https://nextjs.org
/docs/messages/prerender
-error


 Γ¿» useSearchParams() 
should be wrapped in a 
suspense boundary at 
page "/admin/agents". 
Read more: https://nextj
s.org/docs/messages/miss
ing-suspense-with-csr-ba
ilout

Error occurred 
prerendering page 
"/admin/agents". Read 
more: https://nextjs.org
/docs/messages/prerender
-error


 Γ£ô Generating static pages (35/35) 

> Export encountered 
errors on following 
paths:
	/_not-found
	/admin/agents/page: 
/admin/agents
	/admin/billing/page: 
/admin/billing
	/admin/dashboard/page: 
/admin/dashboard
	/admin/login/page: 
/admin/login
	/admin/packages/new/pag
e: /admin/packages/new
	/admin/packages/page: 
/admin/packages
	/admin/reports/page: 
/admin/reports
	
/agent/activities/page: 
/agent/activities
	/agent/bookings/page: 
/agent/bookings
	/agent/dashboard/page: 
/agent/dashboard
	/agent/packages/new/pag
e: /agent/packages/new
	/agent/packages/page: 
/agent/packages
	/agent/settings/page: 
/agent/settings
	/agent/settings/theme/p
age: 
/agent/settings/theme
	/agent/subscription/pag
e: /agent/subscription
	/bookings/page: 
/bookings
	/checkout/page: 
/checkout
	/forgot-password/page: 
/forgot-password
	/itinerary/builder/page
: /itinerary/builder
	
/itinerary/create/page: 
/itinerary/create
	/login/page: /login
	/packages/page: 
/packages
	/page: /
	/plan-trip/page: 
/plan-trip
	/register/agent/page: 
/register/agent
	/register/page: 
/register
	/reset-password/page: 
/reset-password
	/saved-trips/page: 
/saved-trips
	/settings/page: 
/settings
	/unauthorized/page: 
/unauthorized
	/verify-otp/page: 
/verify-otp
